Component: ARM Compiler 5.06 update 4 (build 422) Tool: armlink [4d35d2]

==============================================================================

Section Cross References

    main.o(i.Decrement_TimingDelay) refers to main.o(.data) for TimingDelay
    main.o(i.main) refers to misc.o(i.NVIC_SetVectorTable) for NVIC_SetVectorTable
    main.o(i.main) refers to hw_config.o(i.Set_System) for Set_System
    main.o(i.main) refers to stm32f10x_rcc.o(i.RCC_AHBPeriphClockCmd) for RCC_AHBPeriphClockCmd
    main.o(i.main) refers to hw_config.o(i.Interrupts_Config) for Interrupts_Config
    main.o(i.main) refers to hw_config.o(i.Timer_Config) for Timer_Config
    main.o(i.main) refers to drv_led.o(i.LED_Config) for LED_Config
    main.o(i.main) refers to hw_config.o(i.Set_USBClock) for Set_USBClock
    main.o(i.main) refers to hw_config.o(i.delay_ms) for delay_ms
    main.o(i.main) refers to usb_init.o(i.USB_Init) for USB_Init
    main.o(i.main) refers to hw_config.o(i.USB_Cable_Config) for USB_Cable_Config
    main.o(i.main) refers to lib_configmanager.o(i.ConfigManager_HWInit) for ConfigManager_HWInit
    main.o(i.main) refers to drv_led.o(i.LED_On) for LED_On
    main.o(i.main) refers to drv_led.o(i.LED_Off) for LED_Off
    main.o(i.main) refers to lib_configmanager.o(i.ConfigManager_TagHunting) for ConfigManager_TagHunting
    main.o(i.main) refers to system_stm32f10x.o(.data) for SystemCoreClock
    main.o(i.main) refers to main.o(.data) for USB_Control_Allowed
    main.o(i.main) refers to usb_hid.o(.data) for HIDTransaction
    hw_config.o(i.Enter_LowPowerMode) refers to usb_pwr.o(.data) for bDeviceState
    hw_config.o(i.Interrupts_Config) refers to misc.o(i.NVIC_PriorityGroupConfig) for NVIC_PriorityGroupConfig
    hw_config.o(i.Interrupts_Config) refers to misc.o(i.NVIC_Init) for NVIC_Init
    hw_config.o(i.Leave_LowPowerMode) refers to usb_init.o(.bss) for Device_Info
    hw_config.o(i.Leave_LowPowerMode) refers to usb_pwr.o(.data) for bDeviceState
    hw_config.o(i.Set_System) refers to hw_config.o(i.USB_Disconnect_Config) for USB_Disconnect_Config
    hw_config.o(i.Set_System) refers to stm32f10x_rcc.o(i.RCC_APB1PeriphClockCmd) for RCC_APB1PeriphClockCmd
    hw_config.o(i.Set_USBClock) refers to stm32f10x_rcc.o(i.RCC_USBCLKConfig) for RCC_USBCLKConfig
    hw_config.o(i.Set_USBClock) refers to stm32f10x_rcc.o(i.RCC_APB1PeriphClockCmd) for RCC_APB1PeriphClockCmd
    hw_config.o(i.TimerDelay_ms_Config) refers to stm32f10x_tim.o(i.TIM_TimeBaseInit) for TIM_TimeBaseInit
    hw_config.o(i.TimerDelay_ms_Config) refers to stm32f10x_tim.o(i.TIM_UpdateRequestConfig) for TIM_UpdateRequestConfig
    hw_config.o(i.TimerDelay_ms_Config) refers to stm32f10x_tim.o(i.TIM_ClearITPendingBit) for TIM_ClearITPendingBit
    hw_config.o(i.TimerDelay_ms_Config) refers to stm32f10x_tim.o(i.TIM_ITConfig) for TIM_ITConfig
    hw_config.o(i.TimerDelay_ms_Config) refers to stm32f10x_tim.o(i.TIM_Cmd) for TIM_Cmd
    hw_config.o(i.TimerDelay_us_Config) refers to stm32f10x_tim.o(i.TIM_TimeBaseInit) for TIM_TimeBaseInit
    hw_config.o(i.TimerDelay_us_Config) refers to stm32f10x_tim.o(i.TIM_UpdateRequestConfig) for TIM_UpdateRequestConfig
    hw_config.o(i.TimerDelay_us_Config) refers to stm32f10x_tim.o(i.TIM_ClearITPendingBit) for TIM_ClearITPendingBit
    hw_config.o(i.TimerDelay_us_Config) refers to stm32f10x_tim.o(i.TIM_ITConfig) for TIM_ITConfig
    hw_config.o(i.TimerDelay_us_Config) refers to stm32f10x_tim.o(i.TIM_Cmd) for TIM_Cmd
    hw_config.o(i.Timer_Config) refers to hw_config.o(i.Timer_RCC_Config) for Timer_RCC_Config
    hw_config.o(i.Timer_Config) refers to hw_config.o(i.Timer_Structure_Config) for Timer_Structure_Config
    hw_config.o(i.Timer_RCC_Config) refers to stm32f10x_rcc.o(i.RCC_APB1PeriphClockCmd) for RCC_APB1PeriphClockCmd
    hw_config.o(i.Timer_Structure_Config) refers to drv_interrupt.o(i.drvInt_TimeoutTimerConfig) for drvInt_TimeoutTimerConfig
    hw_config.o(i.Timer_Structure_Config) refers to drv_interrupt.o(i.drvInt_AppliTimeoutTimerConfig) for drvInt_AppliTimeoutTimerConfig
    hw_config.o(i.Timer_Structure_Config) refers to stm32f10x_tim.o(i.TIM_TimeBaseInit) for TIM_TimeBaseInit
    hw_config.o(i.Timer_Structure_Config) refers to stm32f10x_tim.o(i.TIM_UpdateRequestConfig) for TIM_UpdateRequestConfig
    hw_config.o(i.Timer_Structure_Config) refers to stm32f10x_tim.o(i.TIM_ClearITPendingBit) for TIM_ClearITPendingBit
    hw_config.o(i.Timer_Structure_Config) refers to stm32f10x_tim.o(i.TIM_ITConfig) for TIM_ITConfig
    hw_config.o(i.USB_Cable_Config) refers to stm32f10x_gpio.o(i.GPIO_ResetBits) for GPIO_ResetBits
    hw_config.o(i.USB_Cable_Config) refers to stm32f10x_gpio.o(i.GPIO_SetBits) for GPIO_SetBits
    hw_config.o(i.USB_Disconnect_Config) refers to stm32f10x_rcc.o(i.RCC_APB2PeriphClockCmd) for RCC_APB2PeriphClockCmd
    hw_config.o(i.USB_Disconnect_Config) refers to stm32f10x_gpio.o(i.GPIO_Init) for GPIO_Init
[...]
    i.main                                   0x08005454   Section        0  main.o(i.main)
    .constdata                               0x0800555c   Section       10  lib_iso14443apcd.o(.constdata)
    TOPAZ                                    0x0800555c   Data          10  lib_iso14443apcd.o(.constdata)
    .constdata                               0x08005568   Section       13  lib_iso14443bpcd.o(.constdata)
    .constdata                               0x08005575   Section        7  lib_iso18092pcd.o(.constdata)
    REQC                                     0x08005575   Data           7  lib_iso18092pcd.o(.constdata)
    .constdata                               0x0800557c   Section        6  drv_led.o(.constdata)
    .constdata                               0x08005582   Section      410  usb_desc.o(.constdata)
    .constdata                               0x0800571c   Section      394  usb_hid.o(.constdata)
    .data                                    0x20000000   Section        9  main.o(.data)
    TimingDelay                              0x20000000   Data           4  main.o(.data)
    .data                                    0x2000000a   Section        2  hw_config.o(.data)
    counter_delay_ms                         0x2000000a   Data           2  hw_config.o(.data)
    .data                                    0x2000000c   Section       12  stm32f10x_it.o(.data)
    .data                                    0x20000018   Section        7  drv_95hf.o(.data)
    .data                                    0x20000020   Section        4  drv_interrupt.o(.data)
    .data                                    0x20000024   Section        6  lib_iso14443apcd.o(.data)
    RemainingID                              0x20000024   Data           1  lib_iso14443apcd.o(.data)
    .data                                    0x2000002a   Section        1  lib_pcd.o(.data)
    .data                                    0x2000002b   Section        6  lib_configmanager.o(.data)
    .data                                    0x20000031   Section       20  stm32f10x_rcc.o(.data)
    ADCPrescTable                            0x20000031   Data           4  stm32f10x_rcc.o(.data)
    APBAHBPrescTable                         0x20000035   Data          16  stm32f10x_rcc.o(.data)
    .data                                    0x20000048   Section        4  drv_led.o(.data)
    .data                                    0x2000004c   Section        3  usb_core.o(.data)
    .data                                    0x20000050   Section       20  usb_init.o(.data)
    .data                                    0x20000064   Section        4  usb_int.o(.data)
    .data                                    0x20000068   Section       52  usb_desc.o(.data)
    .data                                    0x2000009c   Section        6  usb_hid.o(.data)
    saveindex                                0x200000a0   Data           2  usb_hid.o(.data)
    .data                                    0x200000a4   Section       60  usb_istr.o(.data)
    .data                                    0x200000e0   Section      144  usb_prop.o(.data)
    .data                                    0x20000170   Section        7  usb_pwr.o(.data)
    .data                                    0x20000178   Section       20  system_stm32f10x.o(.data)
    .bss                                     0x2000018c   Section      529  drv_95hf.o(.bss)
    .bss                                     0x2000039d   Section      934  lib_iso14443apcd.o(.bss)
    MultiID                                  0x2000039d   Data         200  lib_iso14443apcd.o(.bss)
    MultiIDPart2                             0x20000465   Data          64  lib_iso14443apcd.o(.bss)
    .bss                                     0x20000743   Section       86  lib_iso14443bpcd.o(.bss)
    .bss                                     0x20000799   Section       41  lib_iso18092pcd.o(.bss)
    .bss                                     0x200007c2   Section       16  lib_configmanager.o(.bss)
    .bss                                     0x200007d4   Section       28  usb_init.o(.bss)
    .bss                                     0x200007f0   Section       96  libspace.o(.bss)
    HEAP                                     0x20000850   Section     1024  startup_stm32f10x_xl.o(HEAP)
    Heap_Mem                                 0x20000850   Data        1024  startup_stm32f10x_xl.o(HEAP)
    STACK                                    0x20000c50   Section     2048  startup_stm32f10x_xl.o(STACK)
    Stack_Mem                                0x20000c50   Data        2048  startup_stm32f10x_xl.o(STACK)
    __initial_sp                             0x20001450   Data           0  startup_stm32f10x_xl.o(STACK)

    Global Symbols

    Symbol Name                              Value     Ov Type        Size  Object(Section)

    BuildAttributes$$THM_ISAv4$P$D$K$B$S$PE$A:L22UL41UL21$X:L11$S22US41US21$IEEE1$IW$USESV6$~STKCKD$USESV7$~SHL$OSPACE$ROPI$EBA8$UX$STANDARDLIB$REQ8$PRES8$EABIv2 0x00000000   Number         0  anon$$obj.o ABSOLUTE
    __ARM_use_no_argv                        0x00000000   Number         0  main.o ABSOLUTE
    __ARM_exceptions_init                     - Undefined Weak Reference
    __alloca_initialize                       - Undefined Weak Reference
    __arm_preinit_                            - Undefined Weak Reference
    __cpp_initialize__aeabi_                  - Undefined Weak Reference
    __cxa_finalize                            - Undefined Weak Reference
    __rt_locale                               - Undefined Weak Reference
    __sigvec_lookup                           - Undefined Weak Reference
    _atexit_init                              - Undefined Weak Reference
    _call_atexit_fns                          - Undefined Weak Reference
    _clock_init                               - Undefined Weak Reference
    _fp_trap_init                             - Undefined Weak Reference
    _fp_trap_shutdown                         - Undefined Weak Reference
    _get_lc_collate                           - Undefined Weak Reference
    _get_lc_ctype                             - Undefined Weak Reference
    _get_lc_monetary                          - Undefined Weak Reference
    _get_lc_numeric                           - Undefined Weak Reference
    _get_lc_time                              - Undefined Weak Reference
    _getenv_init                              - Undefined Weak Reference
    _handle_redirection                       - Undefined Weak Reference
    _init_alloc                               - Undefined Weak Reference
    _init_user_alloc                          - Undefined Weak Reference
    _initio                                   - Undefined Weak Reference
    _rand_init                                - Undefined Weak Reference
    _signal_finish                            - Undefined Weak Reference
    _signal_init                              - Undefined Weak Reference
    _terminate_alloc                          - Undefined Weak Reference
    _terminate_user_alloc                     - Undefined Weak Reference
    _terminateio                              - Undefined Weak Reference
    __Vectors_Size                           0x00000130   Number         0  startup_stm32f10x_xl.o ABSOLUTE
    __Vectors                                0x08000000   Data           4  startup_stm32f10x_xl.o(RESET)
    __Vectors_End                            0x08000130   Data           0  startup_stm32f10x_xl.o(RESET)
    __main                                   0x08000131   Thumb Code     8  __main.o(!!!main)
    __scatterload                            0x08000139   Thumb Code     0  __scatter.o(!!!scatter)
    __scatterload_rt2                        0x08000139   Thumb Code    44  __scatter.o(!!!scatter)
    __scatterload_rt2_thumb_only             0x08000139   Thumb Code     0  __scatter.o(!!!scatter)
    __scatterload_null                       0x08000147   Thumb Code     0  __scatter.o(!!!scatter)
    __decompress                             0x0800016d   Thumb Code    90  __dczerorl2.o(!!dczerorl2)
    __decompress1                            0x0800016d   Thumb Code     0  __dczerorl2.o(!!dczerorl2)
    __scatterload_zeroinit                   0x080001c9   Thumb Code    28  __scatter_zi.o(!!handler_zi)
    __rt_lib_init                            0x080001e5   Thumb Code     0  libinit.o(.ARM.Collect$$libinit$$00000000)
    __rt_lib_init_alloca_1                   0x080001e7   Thumb Code     0  libinit2.o(.ARM.Collect$$libinit$$0000002E)
    __rt_lib_init_argv_1                     0x080001e7   Thumb Code     0  libinit2.o(.ARM.Collect$$libinit$$0000002C)
    __rt_lib_init_atexit_1                   0x080001e7   Thumb Code     0  libinit2.o(.ARM.Collect$$libinit$$0000001B)
    __rt_lib_init_clock_1                    0x080001e7   Thumb Code     0  libinit2.o(.ARM.Collect$$libinit$$00000021)
    __rt_lib_init_cpp_1                      0x080001e7   Thumb Code     0  libinit2.o(.ARM.Collect$$libinit$$00000032)
    __rt_lib_init_exceptions_1               0x080001e7   Thumb Code     0  libinit2.o(.ARM.Collect$$libinit$$00000030)
    __rt_lib_init_fp_1                       0x080001e7   Thumb Code     0  libinit2.o(.ARM.Collect$$libinit$$00000002)
    __rt_lib_init_fp_trap_1                  0x080001e7   Thumb Code     0  libinit2.o(.ARM.Collect$$libinit$$0000001F)
    __rt_lib_init_getenv_1                   0x080001e7   Thumb Code     0  libinit2.o(.ARM.Collect$$libinit$$00000023)
    __rt_lib_init_heap_1                     0x080001e7   Thumb Code     0  libinit2.o(.ARM.Collect$$libinit$$0000000A)
    __rt_lib_init_lc_collate_1               0x080001e7   Thumb Code     0  libinit2.o(.ARM.Collect$$libinit$$00000011)
    __rt_lib_init_lc_ctype_1                 0x080001e7   Thumb Code     0  libinit2.o(.ARM.Collect$$libinit$$00000013)
    __rt_lib_init_lc_monetary_1              0x080001e7   Thumb Code     0  libinit2.o(.ARM.Collect$$libinit$$00000015)
    __rt_lib_init_lc_numeric_1               0x080001e7   Thumb Code     0  libinit2.o(.ARM.Collect$$libinit$$00000017)
    __rt_lib_init_lc_time_1                  0x080001e7   Thumb Code     0  libinit2.o(.ARM.Collect$$libinit$$00000019)
    __rt_lib_init_preinit_1                  0x080001e7   Thumb Code     0  libinit2.o(.ARM.Collect$$libinit$$00000004)
    __rt_lib_init_rand_1                     0x080001e7   Thumb Code     0  libinit2.o(.ARM.Collect$$libinit$$0000000E)
    __rt_lib_init_return                     0x080001e7   Thumb Code     0  libinit2.o(.ARM.Collect$$libinit$$00000033)
    __rt_lib_init_signal_1                   0x080001e7   Thumb Code     0  libinit2.o(.ARM.Collect$$libinit$$0000001D)
    __rt_lib_init_stdio_1                    0x080001e7   Thumb Code     0  libinit2.o(.ARM.Collect$$libinit$$00000025)
    __rt_lib_init_user_alloc_1               0x080001e7   Thumb Code     0  libinit2.o(.ARM.Collect$$libinit$$0000000C)
    __rt_lib_shutdown                        0x080001e9   Thumb Code     0  libshutdown.o(.ARM.Collect$$libshutdown$$00000000)
    __rt_lib_shutdown_cpp_1                  0x080001eb   Thumb Code     0  libshutdown2.o(.ARM.Collect$$libshutdown$$00000002)
    __rt_lib_shutdown_fp_trap_1              0x080001eb   Thumb Code     0  libshutdown2.o(.ARM.Collect$$libshutdown$$00000007)
    __rt_lib_shutdown_heap_1                 0x080001eb   Thumb Code     0  libshutdown2.o(.ARM.Collect$$libshutdown$$0000000F)
    __rt_lib_shutdown_return                 0x080001eb   Thumb Code     0  libshutdown2.o(.ARM.Collect$$libshutdown$$00000010)
    __rt_lib_shutdown_signal_1               0x080001eb   Thumb Code     0  libshutdown2.o(.ARM.Collect$$libshutdown$$0000000A)
    __rt_lib_shutdown_stdio_1                0x080001eb   Thumb Code     0  libshutdown2.o(.ARM.Collect$$libshutdown$$00000004)
    __rt_lib_shutdown_user_alloc_1           0x080001eb   Thumb Code     0  libshutdown2.o(.ARM.Collect$$libshutdown$$0000000C)
    __rt_entry                               0x080001ed   Thumb Code     0  __rtentry.o(.ARM.Collect$$rtentry$$00000000)
    __rt_entry_presh_1                       0x080001ed   Thumb Code     0  __rtentry2.o(.ARM.Collect$$rtentry$$00000002)
    __rt_entry_sh                            0x080001ed   Thumb Code     0  __rtentry4.o(.ARM.Collect$$rtentry$$00000004)
    __rt_entry_li                            0x080001f3   Thumb Code     0  __rtentry2.o(.ARM.Collect$$rtentry$$0000000A)
    __rt_entry_postsh_1                      0x080001f3   Thumb Code     0  __rtentry2.o(.ARM.Collect$$rtentry$$00000009)
    __rt_entry_main                          0x080001f7   Thumb Code     0  __rtentry2.o(.ARM.Collect$$rtentry$$0000000D)
    __rt_entry_postli_1                      0x080001f7   Thumb Code     0  __rtentry2.o(.ARM.Collect$$rtentry$$0000000C)
    __rt_exit                                0x080001ff   Thumb Code     0  rtexit.o(.ARM.Collect$$rtexit$$00000000)
    __rt_exit_ls                             0x08000201   Thumb Code     0  rtexit2.o(.ARM.Collect$$rtexit$$00000003)
    __rt_exit_prels_1                        0x08000201   Thumb Code     0  rtexit2.o(.ARM.Collect$$rtexit$$00000002)
    __rt_exit_exit                           0x08000205   Thumb Code     0  rtexit2.o(.ARM.Collect$$rtexit$$00000004)
    Reset_Handler                            0x0800020d   Thumb Code     8  startup_stm32f10x_xl.o(.text)
    ADC1_2_IRQHandler                        0x08000227   Thumb Code     0  startup_stm32f10x_xl.o(.text)
    ADC3_IRQHandler                          0x08000227   Thumb Code     0  startup_stm32f10x_xl.o(.text)
    CAN1_RX1_IRQHandler                      0x08000227   Thumb Code     0  startup_stm32f10x_xl.o(.text)
    CAN1_SCE_IRQHandler                      0x08000227   Thumb Code     0  startup_stm32f10x_xl.o(.text)
    DMA1_Channel1_IRQHandler                 0x08000227   Thumb Code     0  startup_stm32f10x_xl.o(.text)
    DMA1_Channel2_IRQHandler                 0x08000227   Thumb Code     0  startup_stm32f10x_xl.o(.text)
    DMA1_Channel3_IRQHandler                 0x08000227   Thumb Code     0  startup_stm32f10x_xl.o(.text)
    DMA1_Channel4_IRQHandler                 0x08000227   Thumb Code     0  startup_stm32f10x_xl.o(.text)
    DMA1_Channel5_IRQHandler                 0x08000227   Thumb Code     0  startup_stm32f10x_xl.o(.text)
    DMA1_Channel6_IRQHandler                 0x08000227   Thumb Code     0  startup_stm32f10x_xl.o(.text)
    DMA1_Channel7_IRQHandler                 0x08000227   Thumb Code     0  startup_stm32f10x_xl.o(.text)
    DMA2_Channel1_IRQHandler                 0x08000227   Thumb Code     0  startup_stm32f10x_xl.o(.text)
    DMA2_Channel2_IRQHandler                 0x08000227   Thumb Code     0  startup_stm32f10x_xl.o(.text)
    DMA2_Channel3_IRQHandler                 0x08000227   Thumb Code     0  startup_stm32f10x_xl.o(.text)
    DMA2_Channel4_5_IRQHandler               0x08000227   Thumb Code     0  startup_stm32f10x_xl.o(.text)
    EXTI0_IRQHandler                         0x08000227   Thumb Code     0  startup_stm32f10x_xl.o(.text)
    EXTI15_10_IRQHandler                     0x08000227   Thumb Code     0  startup_stm32f10x_xl.o(.text)
    EXTI1_IRQHandler                         0x08000227   Thumb Code     0  startup_stm32f10x_xl.o(.text)
    EXTI2_IRQHandler                         0x08000227   Thumb Code     0  startup_stm32f10x_xl.o(.text)
    EXTI4_IRQHandler                         0x08000227   Thumb Code     0  startup_stm32f10x_xl.o(.text)
    EXTI9_5_IRQHandler                       0x08000227   Thumb Code     0  startup_stm32f10x_xl.o(.text)
    FLASH_IRQHandler                         0x08000227   Thumb Code     0  startup_stm32f10x_xl.o(.text)
    FSMC_IRQHandler                          0x08000227   Thumb Code     0  startup_stm32f10x_xl.o(.text)
    I2C1_ER_IRQHandler                       0x08000227   Thumb Code     0  startup_stm32f10x_xl.o(.text)
    I2C1_EV_IRQHandler                       0x08000227   Thumb Code     0  startup_stm32f10x_xl.o(.text)
    I2C2_ER_IRQHandler                       0x08000227   Thumb Code     0  startup_stm32f10x_xl.o(.text)
    I2C2_EV_IRQHandler                       0x08000227   Thumb Code     0  startup_stm32f10x_xl.o(.text)
    PVD_IRQHandler                           0x08000227   Thumb Code     0  startup_stm32f10x_xl.o(.text)
    RCC_IRQHandler                           0x08000227   Thumb Code     0  startup_stm32f10x_xl.o(.text)
    RTCAlarm_IRQHandler                      0x08000227   Thumb Code     0  startup_stm32f10x_xl.o(.text)
    RTC_IRQHandler                           0x08000227   Thumb Code     0  startup_stm32f10x_xl.o(.text)
    SDIO_IRQHandler                          0x08000227   Thumb Code     0  startup_stm32f10x_xl.o(.text)
    SPI1_IRQHandler                          0x08000227   Thumb Code     0  startup_stm32f10x_xl.o(.text)
    SPI2_IRQHandler                          0x08000227   Thumb Code     0  startup_stm32f10x_xl.o(.text)
    SPI3_IRQHandler                          0x08000227   Thumb Code     0  startup_stm32f10x_xl.o(.text)
    TAMPER_IRQHandler                        0x08000227   Thumb Code     0  startup_stm32f10x_xl.o(.text)
    TIM1_BRK_TIM9_IRQHandler                 0x08000227   Thumb Code     0  startup_stm32f10x_xl.o(.text)
    TIM1_CC_IRQHandler                       0x08000227   Thumb Code     0  startup_stm32f10x_xl.o(.text)
    TIM1_TRG_COM_TIM11_IRQHandler            0x08000227   Thumb Code     0  startup_stm32f10x_xl.o(.text)
    TIM1_UP_TIM10_IRQHandler                 0x08000227   Thumb Code     0  startup_stm32f10x_xl.o(.text)
    TIM5_IRQHandler                          0x08000227   Thumb Code     0  startup_stm32f10x_xl.o(.text)
    TIM6_IRQHandler                          0x08000227   Thumb Code     0  startup_stm32f10x_xl.o(.text)
    TIM7_IRQHandler                          0x08000227   Thumb Code     0  startup_stm32f10x_xl.o(.text)
    TIM8_BRK_TIM12_IRQHandler                0x08000227   Thumb Code     0  startup_stm32f10x_xl.o(.text)
    TIM8_CC_IRQHandler                       0x08000227   Thumb Code     0  startup_stm32f10x_xl.o(.text)
    TIM8_TRG_COM_TIM14_IRQHandler            0x08000227   Thumb Code     0  startup_stm32f10x_xl.o(.text)
    TIM8_UP_TIM13_IRQHandler                 0x08000227   Thumb Code     0  startup_stm32f10x_xl.o(.text)
    UART4_IRQHandler                         0x08000227   Thumb Code     0  startup_stm32f10x_xl.o(.text)
    UART5_IRQHandler                         0x08000227   Thumb Code     0  startup_stm32f10x_xl.o(.text)
    USART1_IRQHandler                        0x08000227   Thumb Code     0  startup_stm32f10x_xl.o(.text)
    USART2_IRQHandler                        0x08000227   Thumb Code     0  startup_stm32f10x_xl.o(.text)
    USART3_IRQHandler                        0x08000227   Thumb Code     0  startup_stm32f10x_xl.o(.text)
    USBWakeUp_IRQHandler                     0x08000227   Thumb Code     0  startup_stm32f10x_xl.o(.text)
    WWDG_IRQHandler                          0x08000227   Thumb Code     0  startup_stm32f10x_xl.o(.text)
    __user_initial_stackheap                 0x08000229   Thumb Code     0  startup_stm32f10x_xl.o(.text)
    __aeabi_memcpy                           0x0800024d   Thumb Code     0  rt_memcpy_v6.o(.text)
    __rt_memcpy                              0x0800024d   Thumb Code   138  rt_memcpy_v6.o(.text)
    _memcpy_lastbytes                        0x080002b3   Thumb Code     0  rt_memcpy_v6.o(.text)
    __aeabi_memcpy4                          0x080002d7   Thumb Code     0  rt_memcpy_w.o(.text)
    __aeabi_memcpy8                          0x080002d7   Thumb Code     0  rt_memcpy_w.o(.text)
    __rt_memcpy_w                            0x080002d7   Thumb Code   100  rt_memcpy_w.o(.text)
    _memcpy_lastbytes_aligned                0x0800031f   Thumb Code     0  rt_memcpy_w.o(.text)
    __aeabi_memclr                           0x0800033b   Thumb Code     0  rt_memclr.o(.text)
    __rt_memclr                              0x0800033b   Thumb Code    68  rt_memclr.o(.text)
    _memset                                  0x0800033f   Thumb Code     0  rt_memclr.o(.text)
    __aeabi_memclr4                          0x0800037f   Thumb Code     0  rt_memclr_w.o(.text)
    __aeabi_memclr8                          0x0800037f   Thumb Code     0  rt_memclr_w.o(.text)
    __rt_memclr_w                            0x0800037f   Thumb Code    78  rt_memclr_w.o(.text)
    _memset_w                                0x08000383   Thumb Code     0  rt_memclr_w.o(.text)
    __use_two_region_memory                  0x080003cd   Thumb Code     2  heapauxi.o(.text)
    __rt_heap_escrow$2region                 0x080003cf   Thumb Code     2  heapauxi.o(.text)
    __rt_heap_expand$2region                 0x080003d1   Thumb Code     2  heapauxi.o(.text)
    __user_setup_stackheap                   0x080003d3   Thumb Code    74  sys_stackheap_outer.o(.text)
    exit                                     0x0800041d   Thumb Code    18  exit.o(.text)
    __user_libspace                          0x08000431   Thumb Code     8  libspace.o(.text)
    __user_perproc_libspace                  0x08000431   Thumb Code     0  libspace.o(.text)
    __user_perthread_libspace                0x08000431   Thumb Code     0  libspace.o(.text)
    _sys_exit                                0x08000439   Thumb Code     8  sys_exit.o(.text)
    __I$use$semihosting                      0x08000445   Thumb Code     0  use_no_semi.o(.text)
    __use_no_semihosting_swi                 0x08000445   Thumb Code     2  use_no_semi.o(.text)
    BusFault_Handler                         0x08000447   Thumb Code     4  stm32f10x_it.o(i.BusFault_Handler)
    __semihosting_library_function           0x08000447   Thumb Code     0  indicate_semi.o(.text)
    ByteSwap                                 0x0800044b   Thumb Code    12  usb_regs.o(i.ByteSwap)
    COMPOSITE_Data_Setup                     0x08000459   Thumb Code    74  usb_prop.o(i.COMPOSITE_Data_Setup)
    COMPOSITE_GetConfigDescriptor            0x080004ad   Thumb Code    14  usb_prop.o(i.COMPOSITE_GetConfigDescriptor)
    COMPOSITE_GetDeviceDescriptor            0x080004c1   Thumb Code    14  usb_prop.o(i.COMPOSITE_GetDeviceDescriptor)
    COMPOSITE_GetStringDescriptor            0x080004d5   Thumb Code    32  usb_prop.o(i.COMPOSITE_GetStringDescriptor)
    COMPOSITE_Get_Interface_Setting          0x080004fd   Thumb Code    22  usb_prop.o(i.COMPOSITE_Get_Interface_Setting)
    COMPOSITE_NoData_Setup                   0x08000513   Thumb Code     6  usb_prop.o(i.COMPOSITE_NoData_Setup)
    COMPOSITE_Reset                          0x08000519   Thumb Code   166  usb_prop.o(i.COMPOSITE_Reset)
    COMPOSITE_Status_In                      0x080005d5   Thumb Code     2  usb_prop.o(i.COMPOSITE_Status_In)
    COMPOSITE_Status_Out                     0x080005d7   Thumb Code     2  usb_prop.o(i.COMPOSITE_Status_Out)
    COMPOSITE_init                           0x080005d9   Thumb Code    26  usb_prop.o(i.COMPOSITE_init)
    CTR_HP                                   0x080005fd   Thumb Code   174  usb_int.o(i.CTR_HP)
    CTR_LP                                   0x080006c5   Thumb Code   616  usb_int.o(i.CTR_LP)
    ClearDTOG_RX                             0x0800094d   Thumb Code    48  usb_regs.o(i.ClearDTOG_RX)
    ClearDTOG_TX                             0x08000981   Thumb Code    48  usb_regs.o(i.ClearDTOG_TX)
    Clear_Status_Out                         0x080009b5   Thumb Code    34  usb_regs.o(i.Clear_Status_Out)
    Composite_Device_ClearFeature            0x080009dd   Thumb Code     2  usb_prop.o(i.Composite_Device_ClearFeature)
    Composite_Device_SetConfiguration        0x080009e1   Thumb Code    16  usb_prop.o(i.Composite_Device_SetConfiguration)
    Composite_Device_SetDeviceAddress        0x080009f9   Thumb Code     2  usb_prop.o(i.Composite_Device_SetDeviceAddress)
    ConfigManager_HWInit                     0x080009fd   Thumb Code    26  lib_configmanager.o(i.ConfigManager_HWInit)
    ConfigManager_Stop                       0x08000af9   Thumb Code     8  lib_configmanager.o(i.ConfigManager_Stop)
    ConfigManager_TagHunting                 0x08000b05   Thumb Code   222  lib_configmanager.o(i.ConfigManager_TagHunting)
    DebugMon_Handler                         0x08001001   Thumb Code     2  stm32f10x_it.o(i.DebugMon_Handler)
    EP1_IN_Callback                          0x08001003   Thumb Code     2  usb_endp.o(i.EP1_IN_Callback)
    EP2_IN_Callback                          0x08001005   Thumb Code     2  usb_endp.o(i.EP2_IN_Callback)
    EP2_OUT_Callback                         0x08001007   Thumb Code     2  usb_endp.o(i.EP2_OUT_Callback)
    EP3_IN_Callback                          0x08001009   Thumb Code     8  usb_endp.o(i.EP3_IN_Callback)
    EP3_OUT_Callback                         0x08001011   Thumb Code     8  usb_endp.o(i.EP3_OUT_Callback)
    EXTI3_IRQHandler                         0x08001019   Thumb Code    48  stm32f10x_it.o(i.EXTI3_IRQHandler)
    EXTI_ClearITPendingBit                   0x08001059   Thumb Code     6  stm32f10x_exti.o(i.EXTI_ClearITPendingBit)
    EXTI_GetITStatus                         0x08001065   Thumb Code    28  stm32f10x_exti.o(i.EXTI_GetITStatus)
    EXTI_Init                                0x08001085   Thumb Code   108  stm32f10x_exti.o(i.EXTI_Init)
    FELICA_Initialization                    0x08001189   Thumb Code    18  lib_iso18092pcd.o(i.FELICA_Initialization)
    FELICA_IsPresent                         0x0800119d   Thumb Code    82  lib_iso18092pcd.o(i.FELICA_IsPresent)
    GPIO_Init                                0x0800126d   Thumb Code   162  stm32f10x_gpio.o(i.GPIO_Init)
    GPIO_ReadInputData                       0x0800130f   Thumb Code     6  stm32f10x_gpio.o(i.GPIO_ReadInputData)
    GPIO_ReadInputDataBit                    0x08001315   Thumb Code    14  stm32f10x_gpio.o(i.GPIO_ReadInputDataBit)
    GPIO_ResetBits                           0x08001323   Thumb Code     4  stm32f10x_gpio.o(i.GPIO_ResetBits)
    GPIO_SetBits                             0x08001327   Thumb Code     4  stm32f10x_gpio.o(i.GPIO_SetBits)
    GPIO_WriteBit                            0x0800132b   Thumb Code    10  stm32f10x_gpio.o(i.GPIO_WriteBit)
    GetEPRxAddr                              0x08001335   Thumb Code    24  usb_regs.o(i.GetEPRxAddr)
    GetEPRxCount                             0x08001355   Thumb Code    26  usb_regs.o(i.GetEPRxCount)
    GetEPTxAddr                              0x08001379   Thumb Code    22  usb_regs.o(i.GetEPTxAddr)
    HID_Data_In                              0x08001615   Thumb Code     2  usb_hid.o(i.HID_Data_In)
    HID_Data_Out                             0x08001619   Thumb Code   206  usb_hid.o(i.HID_Data_Out)
    HID_Report                               0x08001989   Thumb Code    14  usb_prop.o(i.HID_Report)
    HardFault_Handler                        0x08001c51   Thumb Code     4  stm32f10x_it.o(i.HardFault_Handler)
    IRQOut_Config                            0x08001c55   Thumb Code     8  drv_interrupt.o(i.IRQOut_Config)
    ISO14443A_Anticollision                  0x08002189   Thumb Code   180  lib_iso14443apcd.o(i.ISO14443A_Anticollision)
    ISO14443A_ConfigFDT                      0x0800228d   Thumb Code   172  lib_iso14443apcd.o(i.ISO14443A_ConfigFDT)
    ISO14443A_ConfigFDTforAnticollision      0x08002355   Thumb Code   138  lib_iso14443apcd.o(i.ISO14443A_ConfigFDTforAnticollision)
    ISO14443A_ConfigFDTforRATS               0x080023f9   Thumb Code   156  lib_iso14443apcd.o(i.ISO14443A_ConfigFDTforRATS)
    ISO14443A_Init                           0x080024c9   Thumb Code    46  lib_iso14443apcd.o(i.ISO14443A_Init)
    ISO14443A_IsPresent                      0x0800251d   Thumb Code    60  lib_iso14443apcd.o(i.ISO14443A_IsPresent)
    ISO14443A_MultiTagHunting                0x080025d9   Thumb Code   208  lib_iso14443apcd.o(i.ISO14443A_MultiTagHunting)
    ISO14443A_MultiTagPart2                  0x080026b9   Thumb Code    34  lib_iso14443apcd.o(i.ISO14443A_MultiTagPart2)
    ISO14443B_Anticollision                  0x08002801   Thumb Code    76  lib_iso14443bpcd.o(i.ISO14443B_Anticollision)
    ISO14443B_AttriB                         0x0800285d   Thumb Code    78  lib_iso14443bpcd.o(i.ISO14443B_AttriB)
    ISO14443B_Init                           0x080028e1   Thumb Code   106  lib_iso14443bpcd.o(i.ISO14443B_Init)
    ISO14443B_IsPresent                      0x08002989   Thumb Code    50  lib_iso14443bpcd.o(i.ISO14443B_IsPresent)
    ISO14443B_ReqB                           0x080029c1   Thumb Code    54  lib_iso14443bpcd.o(i.ISO14443B_ReqB)
    ISO15693_GetUID                          0x08002b25   Thumb Code   140  lib_iso15693pcd.o(i.ISO15693_GetUID)
    ISO15693_Init                            0x08002bb9   Thumb Code   108  lib_iso15693pcd.o(i.ISO15693_Init)
    ISO15693_RunAntiCollision                0x08002ed5   Thumb Code   506  lib_iso15693pcd.o(i.ISO15693_RunAntiCollision)
    ISO15693_RunInventory16slots             0x080030d5   Thumb Code   188  lib_iso15693pcd.o(i.ISO15693_RunInventory16slots)
    ISO15693_SplitInventoryResponse          0x080031b3   Thumb Code    92  lib_iso15693pcd.o(i.ISO15693_SplitInventoryResponse)
    In0_Process                              0x08003279   Thumb Code    98  usb_core.o(i.In0_Process)
    Interrupts_Config                        0x080032e9   Thumb Code   236  hw_config.o(i.Interrupts_Config)
    LED_Config                               0x080033fd   Thumb Code    52  drv_led.o(i.LED_Config)
    LED_Off                                  0x0800343d   Thumb Code    16  drv_led.o(i.LED_Off)
    LED_On                                   0x08003455   Thumb Code    16  drv_led.o(i.LED_On)
    MemManage_Handler                        0x0800346d   Thumb Code     4  stm32f10x_it.o(i.MemManage_Handler)
    NMI_Handler                              0x08003471   Thumb Code     2  stm32f10x_it.o(i.NMI_Handler)
    NOP_Process                              0x08003473   Thumb Code     2  usb_core.o(i.NOP_Process)
    NVIC_Init                                0x08003475   Thumb Code    94  misc.o(i.NVIC_Init)
    NVIC_PriorityGroupConfig                 0x080034d9   Thumb Code    10  misc.o(i.NVIC_PriorityGroupConfig)
    NVIC_SetVectorTable                      0x080034ed   Thumb Code    12  misc.o(i.NVIC_SetVectorTable)
    Out0_Process                             0x08003639   Thumb Code    70  usb_core.o(i.Out0_Process)
    PCD_CheckSendReceive                     0x08003689   Thumb Code    32  lib_pcd.o(i.PCD_CheckSendReceive)
    PCD_Echo                                 0x080036a9   Thumb Code    22  lib_pcd.o(i.PCD_Echo)
    PCD_FieldOff                             0x080036c5   Thumb Code    20  lib_pcd.o(i.PCD_FieldOff)
    PCD_Idle                                 0x080036d9   Thumb Code    48  lib_pcd.o(i.PCD_Idle)
    PCD_IsCRCOk                              0x08003709   Thumb Code   106  lib_pcd.o(i.PCD_IsCRCOk)
    PCD_IsReaderResultCodeOk                 0x08003773   Thumb Code   254  lib_pcd.o(i.PCD_IsReaderResultCodeOk)
    PCD_PORsequence                          0x08003871   Thumb Code   110  lib_pcd.o(i.PCD_PORsequence)
    PCD_ProtocolSelect                       0x080038e9   Thumb Code   108  lib_pcd.o(i.PCD_ProtocolSelect)
    PCD_ReadRegister                         0x08003959   Thumb Code    66  lib_pcd.o(i.PCD_ReadRegister)
    PCD_SendEOF                              0x0800399d   Thumb Code    22  lib_pcd.o(i.PCD_SendEOF)
    PCD_SendRecv                             0x080039b9   Thumb Code    98  lib_pcd.o(i.PCD_SendRecv)
    PCD_WriteRegister                        0x08003a1b   Thumb Code    62  lib_pcd.o(i.PCD_WriteRegister)
    PMAToUserBufferCopy                      0x08003a59   Thumb Code    34  usb_mem.o(i.PMAToUserBufferCopy)
    PendSV_Handler                           0x08003a81   Thumb Code     2  stm32f10x_it.o(i.PendSV_Handler)
    Post0_Process                            0x08003a85   Thumb Code    54  usb_core.o(i.Post0_Process)
    PowerOn                                  0x08003acd   Thumb Code    46  usb_pwr.o(i.PowerOn)
    RCC_AHBPeriphClockCmd                    0x08003b05   Thumb Code    18  stm32f10x_rcc.o(i.RCC_AHBPeriphClockCmd)
    RCC_APB1PeriphClockCmd                   0x08003b1d   Thumb Code    18  stm32f10x_rcc.o(i.RCC_APB1PeriphClockCmd)
    RCC_APB1PeriphResetCmd                   0x08003b35   Thumb Code    18  stm32f10x_rcc.o(i.RCC_APB1PeriphResetCmd)
    RCC_APB2PeriphClockCmd                   0x08003b4d   Thumb Code    18  stm32f10x_rcc.o(i.RCC_APB2PeriphClockCmd)
    RCC_APB2PeriphResetCmd                   0x08003b65   Thumb Code    18  stm32f10x_rcc.o(i.RCC_APB2PeriphResetCmd)
    RCC_GetClocksFreq                        0x08003b7d   Thumb Code   128  stm32f10x_rcc.o(i.RCC_GetClocksFreq)
    RCC_USBCLKConfig                         0x08003c0d   Thumb Code     8  stm32f10x_rcc.o(i.RCC_USBCLKConfig)
    SPI_Cmd                                  0x08003c19   Thumb Code    20  stm32f10x_spi.o(i.SPI_Cmd)
    SPI_I2S_DeInit                           0x08003c2d   Thumb Code    72  stm32f10x_spi.o(i.SPI_I2S_DeInit)
    SPI_I2S_GetFlagStatus                    0x08003c81   Thumb Code    14  stm32f10x_spi.o(i.SPI_I2S_GetFlagStatus)
    SPI_I2S_ReceiveData                      0x08003c8f   Thumb Code     4  stm32f10x_spi.o(i.SPI_I2S_ReceiveData)
    SPI_I2S_SendData                         0x08003c93   Thumb Code     4  stm32f10x_spi.o(i.SPI_I2S_SendData)
    SPI_Init                                 0x08003c97   Thumb Code    56  stm32f10x_spi.o(i.SPI_Init)
    SPI_SendReceiveBuffer                    0x08003ccf   Thumb Code    54  drv_spi.o(i.SPI_SendReceiveBuffer)
    SPI_SendReceiveByte                      0x08003d05   Thumb Code    52  drv_spi.o(i.SPI_SendReceiveByte)
    SPI_StructInit                           0x08003d39   Thumb Code    24  stm32f10x_spi.o(i.SPI_StructInit)
    SVC_Handler                              0x08003d51   Thumb Code     2  stm32f10x_it.o(i.SVC_Handler)
    SendSPINSSPulse                          0x08003d55   Thumb Code    40  drv_interrupt.o(i.SendSPINSSPulse)
    SetBTABLE                                0x08003d81   Thumb Code    12  usb_regs.o(i.SetBTABLE)
    SetDeviceAddress                         0x08003d91   Thumb Code    68  usb_core.o(i.SetDeviceAddress)
    SetEPRxAddr                              0x08003de1   Thumb Code    26  usb_regs.o(i.SetEPRxAddr)
    SetEPRxCount                             0x08003e05   Thumb Code    68  usb_regs.o(i.SetEPRxCount)
    SetEPRxStatus                            0x08003e51   Thumb Code    60  usb_regs.o(i.SetEPRxStatus)
    SetEPRxValid                             0x08003e91   Thumb Code    48  usb_regs.o(i.SetEPRxValid)
    SetEPTxAddr                              0x08003ec5   Thumb Code    24  usb_regs.o(i.SetEPTxAddr)
    SetEPTxCount                             0x08003ee5   Thumb Code    20  usb_regs.o(i.SetEPTxCount)
    SetEPTxStatus                            0x08003f01   Thumb Code    60  usb_regs.o(i.SetEPTxStatus)
    SetEPType                                0x08003f41   Thumb Code    32  usb_regs.o(i.SetEPType)
    Set_System                               0x0800404d   Thumb Code    16  hw_config.o(i.Set_System)
    Set_USBClock                             0x0800405d   Thumb Code    18  hw_config.o(i.Set_USBClock)
    Setup0_Process                           0x08004071   Thumb Code   170  usb_core.o(i.Setup0_Process)
    Standard_ClearFeature                    0x08004129   Thumb Code   342  usb_core.o(i.Standard_ClearFeature)
    Standard_GetConfiguration                0x08004295   Thumb Code    34  usb_core.o(i.Standard_GetConfiguration)
    Standard_GetDescriptorData               0x080042c1   Thumb Code    32  usb_core.o(i.Standard_GetDescriptorData)
    Standard_GetInterface                    0x080042e5   Thumb Code    34  usb_core.o(i.Standard_GetInterface)
    Standard_GetStatus                       0x08004311   Thumb Code   238  usb_core.o(i.Standard_GetStatus)
    Standard_SetConfiguration                0x08004411   Thumb Code    60  usb_core.o(i.Standard_SetConfiguration)
    Standard_SetDeviceFeature                0x08004459   Thumb Code    30  usb_core.o(i.Standard_SetDeviceFeature)
    Standard_SetEndPointFeature              0x08004481   Thumb Code   192  usb_core.o(i.Standard_SetEndPointFeature)
    Standard_SetInterface                    0x08004551   Thumb Code    96  usb_core.o(i.Standard_SetInterface)
    StartTimeOut                             0x080045bd   Thumb Code    32  drv_interrupt.o(i.StartTimeOut)
    StopTimeOut                              0x080045e9   Thumb Code    12  drv_interrupt.o(i.StopTimeOut)
    SysTick_Handler                          0x080045f9   Thumb Code    12  stm32f10x_it.o(i.SysTick_Handler)
    SystemInit                               0x08004609   Thumb Code    78  system_stm32f10x.o(i.SystemInit)
    TIM2_IRQHandler                          0x08004669   Thumb Code    16  stm32f10x_it.o(i.TIM2_IRQHandler)
    TIM3_IRQHandler                          0x08004679   Thumb Code    46  drv_interrupt.o(i.TIM3_IRQHandler)
    TIM4_IRQHandler                          0x080046b5   Thumb Code    46  drv_interrupt.o(i.TIM4_IRQHandler)
    TIM_ClearITPendingBit                    0x080046f1   Thumb Code     6  stm32f10x_tim.o(i.TIM_ClearITPendingBit)
    TIM_Cmd                                  0x080046f7   Thumb Code    20  stm32f10x_tim.o(i.TIM_Cmd)
    TIM_ITConfig                             0x0800470b   Thumb Code    16  stm32f10x_tim.o(i.TIM_ITConfig)
    TIM_SetCounter                           0x0800471b   Thumb Code     4  stm32f10x_tim.o(i.TIM_SetCounter)
    TIM_TimeBaseInit                         0x08004721   Thumb Code   114  stm32f10x_tim.o(i.TIM_TimeBaseInit)
    TIM_UpdateRequestConfig                  0x080047bd   Thumb Code    20  stm32f10x_tim.o(i.TIM_UpdateRequestConfig)
    TOPAZ_ID                                 0x080047d1   Thumb Code    82  lib_iso14443apcd.o(i.TOPAZ_ID)
    Timer_Config                             0x080048c7   Thumb Code    12  hw_config.o(i.Timer_Config)
    Timer_RCC_Config                         0x080048d3   Thumb Code    12  hw_config.o(i.Timer_RCC_Config)
    Timer_Structure_Config                   0x080048df   Thumb Code    74  hw_config.o(i.Timer_Structure_Config)
    UART_ReceiveBuffer                       0x08004929   Thumb Code    50  drv_uart.o(i.UART_ReceiveBuffer)
    UART_ReceiveByte                         0x0800495d   Thumb Code    46  drv_uart.o(i.UART_ReceiveByte)
    UART_SendBuffer                          0x08004991   Thumb Code    34  drv_uart.o(i.UART_SendBuffer)
    UART_SendByte                            0x080049b3   Thumb Code    30  drv_uart.o(i.UART_SendByte)
    USART_Cmd                                0x080049d1   Thumb Code    20  stm32f10x_usart.o(i.USART_Cmd)
    USART_DeInit                             0x080049e5   Thumb Code    96  stm32f10x_usart.o(i.USART_DeInit)
    USART_GetFlagStatus                      0x08004a59   Thumb Code    14  stm32f10x_usart.o(i.USART_GetFlagStatus)
    USART_Init                               0x08004a69   Thumb Code   166  stm32f10x_usart.o(i.USART_Init)
    USART_ReceiveData                        0x08004b15   Thumb Code     8  stm32f10x_usart.o(i.USART_ReceiveData)
    USART_SendData                           0x08004b1d   Thumb Code     8  stm32f10x_usart.o(i.USART_SendData)
    USB_Cable_Config                         0x08004b25   Thumb Code    26  hw_config.o(i.USB_Cable_Config)
    USB_Disconnect_Config                    0x08004b45   Thumb Code    38  hw_config.o(i.USB_Disconnect_Config)
    USB_HP_CAN1_TX_IRQHandler                0x08004b71   Thumb Code     8  stm32f10x_it.o(i.USB_HP_CAN1_TX_IRQHandler)
    USB_Init                                 0x08004b79   Thumb Code    36  usb_init.o(i.USB_Init)
    USB_Istr                                 0x08004bb5   Thumb Code    62  usb_istr.o(i.USB_Istr)
    USB_LP_CAN1_RX0_IRQHandler               0x08004c05   Thumb Code     8  stm32f10x_it.o(i.USB_LP_CAN1_RX0_IRQHandler)
    USB_SIL_Init                             0x08004c0d   Thumb Code    28  usb_sil.o(i.USB_SIL_Init)
    USB_SIL_Read                             0x08004c31   Thumb Code    46  usb_sil.o(i.USB_SIL_Read)
    USB_SIL_Write                            0x08004c5f   Thumb Code    46  usb_sil.o(i.USB_SIL_Write)
    UsageFault_Handler                       0x08004c8d   Thumb Code     4  stm32f10x_it.o(i.UsageFault_Handler)
    UserToPMABufferCopy                      0x08004c91   Thumb Code    52  usb_mem.o(i.UserToPMABufferCopy)
    decrement_delay                          0x08004cc9   Thumb Code    18  hw_config.o(i.decrement_delay)
    delayHighPriority_ms                     0x08004ce1   Thumb Code   116  hw_config.o(i.delayHighPriority_ms)
    delay_ms                                 0x08004d59   Thumb Code    54  hw_config.o(i.delay_ms)
    delay_us                                 0x08004d95   Thumb Code    52  hw_config.o(i.delay_us)
    drv95HF_EnableInterrupt                  0x08004dcd   Thumb Code    14  drv_95hf.o(i.drv95HF_EnableInterrupt)
    drv95HF_GetInterfacePinState             0x08004e79   Thumb Code    14  drv_95hf.o(i.drv95HF_GetInterfacePinState)
    drv95HF_GetSerialInterface               0x08004e8d   Thumb Code     6  drv_95hf.o(i.drv95HF_GetSerialInterface)
    drv95HF_InitConfigStructure              0x08004e99   Thumb Code    22  drv_95hf.o(i.drv95HF_InitConfigStructure)
    drv95HF_InitializeUART                   0x08004ed1   Thumb Code    26  drv_95hf.o(i.drv95HF_InitializeUART)
    drv95HF_InitilizeSerialInterface         0x08004ef1   Thumb Code    40  drv_95hf.o(i.drv95HF_InitilizeSerialInterface)
    drv95HF_PoolingReading                   0x08004f1d   Thumb Code    60  drv_95hf.o(i.drv95HF_PoolingReading)
    drv95HF_ReceiveSPIResponse               0x08004f85   Thumb Code   162  drv_95hf.o(i.drv95HF_ReceiveSPIResponse)
    drv95HF_ResetSPI                         0x08005065   Thumb Code    60  drv_95hf.o(i.drv95HF_ResetSPI)
    drv95HF_SendIRQINPulse                   0x08005155   Thumb Code    76  drv_95hf.o(i.drv95HF_SendIRQINPulse)
    drv95HF_SendReceive                      0x080051ad   Thumb Code    94  drv_95hf.o(i.drv95HF_SendReceive)
    drv95HF_SendSPICommand                   0x08005211   Thumb Code   100  drv_95hf.o(i.drv95HF_SendSPICommand)
    drvInt_AppliTimeoutTimerConfig           0x0800534d   Thumb Code    78  drv_interrupt.o(i.drvInt_AppliTimeoutTimerConfig)
    drvInt_Enable_RFEvent_IRQ                0x080053a1   Thumb Code    44  drv_interrupt.o(i.drvInt_Enable_RFEvent_IRQ)
    drvInt_Enable_Reply_IRQ                  0x080053d5   Thumb Code    42  drv_interrupt.o(i.drvInt_Enable_Reply_IRQ)
    drvInt_TimeoutTimerConfig                0x08005409   Thumb Code    72  drv_interrupt.o(i.drvInt_TimeoutTimerConfig)
    main                                     0x08005455   Thumb Code   244  main.o(i.main)
    GPIO_CLK                                 0x0800557c   Data           4  drv_led.o(.constdata)
    GPIO_PIN                                 0x08005580   Data           2  drv_led.o(.constdata)
    COMPOSITE_DeviceDescriptor               0x08005582   Data          18  usb_desc.o(.constdata)
    COMPOSITE_ConfigDescriptor               0x08005594   Data          41  usb_desc.o(.constdata)
    COMPOSITE_StringLangID                   0x080055bd   Data           4  usb_desc.o(.constdata)
    COMPOSITE_StringVendor                   0x080055c1   Data          38  usb_desc.o(.constdata)
    COMPOSITE_StringProduct                  0x080055e7   Data          38  usb_desc.o(.constdata)
    COMPOSITE_StringInterface                0x0800560d   Data          16  usb_desc.o(.constdata)
    BRIDGE_DeviceDescriptor                  0x0800561d   Data          18  usb_desc.o(.constdata)
    BRIDGE_ConfigDescriptor                  0x0800562f   Data         125  usb_desc.o(.constdata)
    BRIDGE_StringLangID                      0x080056ac   Data           4  usb_desc.o(.constdata)
    BRIDGE_StringVendor                      0x080056b0   Data          38  usb_desc.o(.constdata)
    BRIDGE_StringProduct                     0x080056d6   Data          18  usb_desc.o(.constdata)
    HID_ReportDescriptor                     0x080056e8   Data          52  usb_desc.o(.constdata)
    Region$$Table$$Base                      0x080058a8   Number         0  anon$$obj.o(Region$$Table)
    Region$$Table$$Limit                     0x080058c8   Number         0  anon$$obj.o(Region$$Table)
    SELStatus                                0x20000004   Data           4  main.o(.data)
    USB_Control_Allowed                      0x20000008   Data           1  main.o(.data)
    uDataReady                               0x2000000c   Data           1  stm32f10x_it.o(.data)
    RF_DataExpected                          0x2000000d   Data           1  stm32f10x_it.o(.data)
    RF_DataReady                             0x2000000e   Data           1  stm32f10x_it.o(.data)
    screenRotated                            0x2000000f   Data           1  stm32f10x_it.o(.data)
    disableRotate                            0x20000010   Data           1  stm32f10x_it.o(.data)
    nb_ms_elapsed                            0x20000014   Data           4  stm32f10x_it.o(.data)
    uTimeOut                                 0x20000018   Data           1  drv_95hf.o(.data)
    EnableTimeOut                            0x20000019   Data           1  drv_95hf.o(.data)
    drv95HFConfig                            0x2000001a   Data           5  drv_95hf.o(.data)
    delay_appli                              0x20000020   Data           2  drv_interrupt.o(.data)
    delay_timeout                            0x20000022   Data           2  drv_interrupt.o(.data)
    FSC                                      0x20000026   Data           2  lib_iso14443apcd.o(.data)
    FWI                                      0x20000028   Data           2  lib_iso14443apcd.o(.data)
    TechnoSelected                           0x2000002a   Data           1  lib_pcd.o(.data)
    devicemode                               0x2000002b   Data           1  lib_configmanager.o(.data)
    nfc_tagtype                              0x2000002c   Data           1  lib_configmanager.o(.data)
    IcVers                                   0x2000002d   Data           1  lib_configmanager.o(.data)
    TargetMode                               0x2000002e   Data           1  lib_configmanager.o(.data)
    uAppliTimeOut                            0x2000002f   Data           1  lib_configmanager.o(.data)
    StopProcess                              0x20000030   Data           1  lib_configmanager.o(.data)
    GPIO_PORT                                0x20000048   Data           4  drv_led.o(.data)
    StatusInfo                               0x2000004c   Data           2  usb_core.o(.data)
    Data_Mul_MaxPacketSize                   0x2000004e   Data           1  usb_core.o(.data)
    EPindex                                  0x20000050   Data           1  usb_init.o(.data)
    pInformation                             0x20000054   Data           4  usb_init.o(.data)
    pProperty                                0x20000058   Data           4  usb_init.o(.data)
    SaveState                                0x2000005c   Data           2  usb_init.o(.data)
    wInterrupt_Mask                          0x2000005e   Data           2  usb_init.o(.data)
    pUser_Standard_Requests                  0x20000060   Data           4  usb_init.o(.data)
    SaveRState                               0x20000064   Data           2  usb_int.o(.data)
    SaveTState                               0x20000066   Data           2  usb_int.o(.data)
    COMPOSITE_StringSerial                   0x20000068   Data          26  usb_desc.o(.data)
    BRIDGE_StringSerial                      0x20000082   Data          26  usb_desc.o(.data)
    buffersizeindex                          0x2000009c   Data           2  usb_hid.o(.data)
    NbHIDTrame                               0x2000009e   Data           1  usb_hid.o(.data)
    HIDTransaction                           0x2000009f   Data           1  usb_hid.o(.data)
    wIstr                                    0x200000a4   Data           2  usb_istr.o(.data)
    bIntPackSOF                              0x200000a6   Data           1  usb_istr.o(.data)
    pEpInt_IN                                0x200000a8   Data          28  usb_istr.o(.data)
    pEpInt_OUT                               0x200000c4   Data          28  usb_istr.o(.data)
    Device_Table                             0x200000e0   Data           2  usb_prop.o(.data)
    Device_Property                          0x200000e4   Data          48  usb_prop.o(.data)
    User_Standard_Requests                   0x20000114   Data          36  usb_prop.o(.data)
    Device_Descriptor                        0x20000138   Data           8  usb_prop.o(.data)
    Config_Descriptor                        0x20000140   Data           8  usb_prop.o(.data)
    String_Descriptor                        0x20000148   Data          32  usb_prop.o(.data)
    HID_Report_Descriptor                    0x20000168   Data           8  usb_prop.o(.data)
    bDeviceState                             0x20000170   Data           4  usb_pwr.o(.data)
    fSuspendEnabled                          0x20000174   Data           1  usb_pwr.o(.data)
    ResumeS                                  0x20000175   Data           2  usb_pwr.o(.data)
    SystemCoreClock                          0x20000178   Data           4  system_stm32f10x.o(.data)
    AHBPrescTable                            0x2000017c   Data          16  system_stm32f10x.o(.data)
    u95HFBuffer                              0x2000018c   Data         529  drv_95hf.o(.bss)
    ISO14443A_Card                           0x200004a5   Data         141  lib_iso14443apcd.o(.bss)
    u95HFBufferAntiCol                       0x20000532   Data         529  lib_iso14443apcd.o(.bss)
    ISO14443B_Card                           0x20000743   Data          86  lib_iso14443bpcd.o(.bss)
    FELICA_Card                              0x20000799   Data          41  lib_iso18092pcd.o(.bss)
    TagUID                                   0x200007c2   Data          16  lib_configmanager.o(.bss)
    Device_Info                              0x200007d4   Data          28  usb_init.o(.bss)
    __libspace_start                         0x200007f0   Data          96  libspace.o(.bss)
    __temporary_stack_top$libspace           0x20000850   Data           0  libspace.o(.bss)



==============================================================================

Memory Map of the image

  Image Entry point : 0x08000131

  Load Region LR_IROM1 (Base: 0x08000000, Size: 0x00005a54, Max: 0x00020000, ABSOLUTE, COMPRESSED[0x0000598c])

    Execution Region ER_IROM1 (Base: 0x08000000, Size: 0x000058c8, Max: 0x00020000, ABSOLUTE)

    Base Addr    Size         Type   Attr      Idx    E Section Name        Object

    0x08000000   0x00000130   Data   RO         3920    RESET               startup_stm32f10x_xl.o
    0x08000130   0x00000008   Code   RO         3982  * !!!main             c_w.l(__main.o)
    0x08000138   0x00000034   Code   RO         4160    !!!scatter          c_w.l(__scatter.o)
    0x0800016c   0x0000005a   Code   RO         4158    !!dczerorl2         c_w.l(__dczerorl2.o)
    0x080001c6   0x00000002   PAD
    0x080001c8   0x0000001c   Code   RO         4162    !!handler_zi        c_w.l(__scatter_zi.o)
    0x080001e4   0x00000002   Code   RO         4028    .ARM.Collect$$libinit$$00000000  c_w.l(libinit.o)
    0x080001e6   0x00000000   Code   RO         4035    .ARM.Collect$$libinit$$00000002  c_w.l(libinit2.o)
    0x080001e6   0x00000000   Code   RO         4037    .ARM.Collect$$libinit$$00000004  c_w.l(libinit2.o)
    0x080001e6   0x00000000   Code   RO         4040    .ARM.Collect$$libinit$$0000000A  c_w.l(libinit2.o)
    0x080001e6   0x00000000   Code   RO         4042    .ARM.Collect$$libinit$$0000000C  c_w.l(libinit2.o)
    0x080001e6   0x00000000   Code   RO         4044    .ARM.Collect$$libinit$$0000000E  c_w.l(libinit2.o)
    0x080001e6   0x00000000   Code   RO         4047    .ARM.Collect$$libinit$$00000011  c_w.l(libinit2.o)
    0x080001e6   0x00000000   Code   RO         4049    .ARM.Collect$$libinit$$00000013  c_w.l(libinit2.o)
    0x080001e6   0x00000000   Code   RO         4051    .ARM.Collect$$libinit$$00000015  c_w.l(libinit2.o)
    0x080001e6   0x00000000   Code   RO         4053    .ARM.Collect$$libinit$$00000017  c_w.l(libinit2.o)
    0x080001e6   0x00000000   Code   RO         4055    .ARM.Collect$$libinit$$00000019  c_w.l(libinit2.o)
    0x080001e6   0x00000000   Code   RO         4057    .ARM.Collect$$libinit$$0000001B  c_w.l(libinit2.o)
    0x080001e6   0x00000000   Code   RO         4059    .ARM.Collect$$libinit$$0000001D  c_w.l(libinit2.o)
    0x080001e6   0x00000000   Code   RO         4061    .ARM.Collect$$libinit$$0000001F  c_w.l(libinit2.o)
    0x080001e6   0x00000000   Code   RO         4063    .ARM.Collect$$libinit$$00000021  c_w.l(libinit2.o)
    0x080001e6   0x00000000   Code   RO         4065    .ARM.Collect$$libinit$$00000023  c_w.l(libinit2.o)
    0x080001e6   0x00000000   Code   RO         4067    .ARM.Collect$$libinit$$00000025  c_w.l(libinit2.o)
    0x080001e6   0x00000000   Code   RO         4071    .ARM.Collect$$libinit$$0000002C  c_w.l(libinit2.o)
    0x080001e6   0x00000000   Code   RO         4073    .ARM.Collect$$libinit$$0000002E  c_w.l(libinit2.o)
    0x080001e6   0x00000000   Code   RO         4075    .ARM.Collect$$libinit$$00000030  c_w.l(libinit2.o)
    0x080001e6   0x00000000   Code   RO         4077    .ARM.Collect$$libinit$$00000032  c_w.l(libinit2.o)
    0x080001e6   0x00000002   Code   RO         4078    .ARM.Collect$$libinit$$00000033  c_w.l(libinit2.o)
    0x080001e8   0x00000002   Code   RO         4098    .ARM.Collect$$libshutdown$$00000000  c_w.l(libshutdown.o)
    0x080001ea   0x00000000   Code   RO         4111    .ARM.Collect$$libshutdown$$00000002  c_w.l(libshutdown2.o)
    0x080001ea   0x00000000   Code   RO         4113    .ARM.Collect$$libshutdown$$00000004  c_w.l(libshutdown2.o)
    0x080001ea   0x00000000   Code   RO         4116    .ARM.Collect$$libshutdown$$00000007  c_w.l(libshutdown2.o)
    0x080001ea   0x00000000   Code   RO         4119    .ARM.Collect$$libshutdown$$0000000A  c_w.l(libshutdown2.o)
    0x080001ea   0x00000000   Code   RO         4121    .ARM.Collect$$libshutdown$$0000000C  c_w.l(libshutdown2.o)
    0x080001ea   0x00000000   Code   RO         4124    .ARM.Collect$$libshutdown$$0000000F  c_w.l(libshutdown2.o)
    0x080001ea   0x00000002   Code   RO         4125    .ARM.Collect$$libshutdown$$00000010  c_w.l(libshutdown2.o)
    0x080001ec   0x00000000   Code   RO         3998    .ARM.Collect$$rtentry$$00000000  c_w.l(__rtentry.o)
    0x080001ec   0x00000000   Code   RO         4005    .ARM.Collect$$rtentry$$00000002  c_w.l(__rtentry2.o)
    0x080001ec   0x00000006   Code   RO         4017    .ARM.Collect$$rtentry$$00000004  c_w.l(__rtentry4.o)
    0x080001f2   0x00000000   Code   RO         4007    .ARM.Collect$$rtentry$$00000009  c_w.l(__rtentry2.o)
    0x080001f2   0x00000004   Code   RO         4008    .ARM.Collect$$rtentry$$0000000A  c_w.l(__rtentry2.o)
    0x080001f6   0x00000000   Code   RO         4010    .ARM.Collect$$rtentry$$0000000C  c_w.l(__rtentry2.o)
    0x080001f6   0x00000008   Code   RO         4011    .ARM.Collect$$rtentry$$0000000D  c_w.l(__rtentry2.o)
    0x080001fe   0x00000002   Code   RO         4032    .ARM.Collect$$rtexit$$00000000  c_w.l(rtexit.o)
    0x08000200   0x00000000   Code   RO         4080    .ARM.Collect$$rtexit$$00000002  c_w.l(rtexit2.o)
    0x08000200   0x00000004   Code   RO         4081    .ARM.Collect$$rtexit$$00000003  c_w.l(rtexit2.o)
    0x08000204   0x00000006   Code   RO         4082    .ARM.Collect$$rtexit$$00000004  c_w.l(rtexit2.o)
    0x0800020a   0x00000002   PAD
    0x0800020c   0x00000040   Code   RO         3921    .text               startup_stm32f10x_xl.o
    0x0800024c   0x0000008a   Code   RO         3972    .text               c_w.l(rt_memcpy_v6.o)
    0x080002d6   0x00000064   Code   RO         3974    .text               c_w.l(rt_memcpy_w.o)
    0x0800033a   0x00000044   Code   RO         3976    .text               c_w.l(rt_memclr.o)
    0x0800037e   0x0000004e   Code   RO         3978    .text               c_w.l(rt_memclr_w.o)
    0x080003cc   0x00000006   Code   RO         3980    .text               c_w.l(heapauxi.o)
    0x080003d2   0x0000004a   Code   RO         4019    .text               c_w.l(sys_stackheap_outer.o)
    0x0800041c   0x00000012   Code   RO         4021    .text               c_w.l(exit.o)
    0x0800042e   0x00000002   PAD
    0x08000430   0x00000008   Code   RO         4029    .text               c_w.l(libspace.o)
    0x08000438   0x0000000c   Code   RO         4090    .text               c_w.l(sys_exit.o)
    0x08000444   0x00000002   Code   RO         4101    .text               c_w.l(use_no_semi.o)
    0x08000446   0x00000000   Code   RO         4103    .text               c_w.l(indicate_semi.o)
    0x08000446   0x00000004   Code   RO          307    i.BusFault_Handler  stm32f10x_it.o
    0x0800044a   0x0000000c   Code   RO         3156    i.ByteSwap          usb_regs.o
    0x08000456   0x00000002   PAD
    0x08000458   0x00000054   Code   RO         3741    i.COMPOSITE_Data_Setup  usb_prop.o
    0x080004ac   0x00000014   Code   RO         3742    i.COMPOSITE_GetConfigDescriptor  usb_prop.o
    0x080004c0   0x00000014   Code   RO         3743    i.COMPOSITE_GetDeviceDescriptor  usb_prop.o
    0x080004d4   0x00000028   Code   RO         3744    i.COMPOSITE_GetStringDescriptor  usb_prop.o
    0x080004fc   0x00000016   Code   RO         3745    i.COMPOSITE_Get_Interface_Setting  usb_prop.o
    0x08000512   0x00000006   Code   RO         3746    i.COMPOSITE_NoData_Setup  usb_prop.o
    0x08000518   0x000000bc   Code   RO         3747    i.COMPOSITE_Reset   usb_prop.o
    0x080005d4   0x00000002   Code   RO         3748    i.COMPOSITE_Status_In  usb_prop.o
    0x080005d6   0x00000002   Code   RO         3749    i.COMPOSITE_Status_Out  usb_prop.o
    0x080005d8   0x00000024   Code   RO         3750    i.COMPOSITE_init    usb_prop.o
    0x080005fc   0x000000c8   Code   RO         3108    i.CTR_HP            usb_int.o
    0x080006c4   0x00000288   Code   RO         3109    i.CTR_LP            usb_int.o
    0x0800094c   0x00000034   Code   RO         3157    i.ClearDTOG_RX      usb_regs.o
    0x08000980   0x00000034   Code   RO         3158    i.ClearDTOG_TX      usb_regs.o
    0x080009b4   0x00000028   Code   RO         3163    i.Clear_Status_Out  usb_regs.o
    0x080009dc   0x00000002   Code   RO         3751    i.Composite_Device_ClearFeature  usb_prop.o
    0x080009de   0x00000002   PAD
    0x080009e0   0x00000018   Code   RO         3752    i.Composite_Device_SetConfiguration  usb_prop.o
    0x080009f8   0x00000002   Code   RO         3753    i.Composite_Device_SetDeviceAddress  usb_prop.o
    0x080009fa   0x00000002   PAD
    0x080009fc   0x00000024   Code   RO         1333    i.ConfigManager_HWInit  lib_configmanager.o
    0x08000a20   0x0000001c   Code   RO         1334    i.ConfigManager_IDN  lib_configmanager.o
    0x08000a3c   0x00000010   Code   RO         1335    i.ConfigManager_Init  lib_configmanager.o
    0x08000a4c   0x00000088   Code   RO         1336    i.ConfigManager_PORsequence  lib_configmanager.o
    0x08000ad4   0x00000024   Code   RO         1337    i.ConfigManager_Start  lib_configmanager.o
    0x08000af8   0x0000000c   Code   RO         1338    i.ConfigManager_Stop  lib_configmanager.o
    0x08000b04   0x000000e8   Code   RO         1339    i.ConfigManager_TagHunting  lib_configmanager.o
    0x08000bec   0x000000c0   Code   RO         2963    i.DataStageIn       usb_core.o
    0x08000cac   0x000000bc   Code   RO         2964    i.DataStageOut      usb_core.o
    0x08000d68   0x00000298   Code   RO         2965    i.Data_Setup0       usb_core.o
    0x08001000   0x00000002   Code   RO          308    i.DebugMon_Handler  stm32f10x_it.o
    0x08001002   0x00000002   Code   RO         3553    i.EP1_IN_Callback   usb_endp.o
    0x08001004   0x00000002   Code   RO         3554    i.EP2_IN_Callback   usb_endp.o
    0x08001006   0x00000002   Code   RO         3555    i.EP2_OUT_Callback  usb_endp.o
    0x08001008   0x00000008   Code   RO         3556    i.EP3_IN_Callback   usb_endp.o
    0x08001010   0x00000008   Code   RO         3557    i.EP3_OUT_Callback  usb_endp.o
    0x08001018   0x00000040   Code   RO          309    i.EXTI3_IRQHandler  stm32f10x_it.o
    0x08001058   0x0000000c   Code   RO         1533    i.EXTI_ClearITPendingBit  stm32f10x_exti.o
    0x08001064   0x00000020   Code   RO         1537    i.EXTI_GetITStatus  stm32f10x_exti.o
    0x08001084   0x00000070   Code   RO         1538    i.EXTI_Init         stm32f10x_exti.o
    0x080010f4   0x00000094   Code   RO         1168    i.FELICA_Init       lib_iso18092pcd.o
    0x08001188   0x00000012   Code   RO         1169    i.FELICA_Initialization  lib_iso18092pcd.o
    0x0800119a   0x00000002   PAD
    0x0800119c   0x00000060   Code   RO         1170    i.FELICA_IsPresent  lib_iso18092pcd.o
    0x080011fc   0x00000028   Code   RO         1171    i.FELICA_REQC       lib_iso18092pcd.o
    0x08001224   0x00000046   Code   RO          776    i.FSCIToFSC         lib_iso14443apcd.o
    0x0800126a   0x00000002   PAD
    0x0800126c   0x000000a2   Code   RO         1764    i.GPIO_Init         stm32f10x_gpio.o
    0x0800130e   0x00000006   Code   RO         1767    i.GPIO_ReadInputData  stm32f10x_gpio.o
    0x08001314   0x0000000e   Code   RO         1768    i.GPIO_ReadInputDataBit  stm32f10x_gpio.o
    0x08001322   0x00000004   Code   RO         1771    i.GPIO_ResetBits    stm32f10x_gpio.o
    0x08001326   0x00000004   Code   RO         1772    i.GPIO_SetBits      stm32f10x_gpio.o
    0x0800132a   0x0000000a   Code   RO         1775    i.GPIO_WriteBit     stm32f10x_gpio.o
    0x08001334   0x00000020   Code   RO         3175    i.GetEPRxAddr       usb_regs.o
    0x08001354   0x00000024   Code   RO         3176    i.GetEPRxCount      usb_regs.o
    0x08001378   0x00000020   Code   RO         3178    i.GetEPTxAddr       usb_regs.o
    0x08001398   0x0000002c   Code   RO         3595    i.HID_Allow512bytesBuffer  usb_hid.o
    0x080013c4   0x00000032   Code   RO         3596    i.HID_CalibrateTagDetection  usb_hid.o
    0x080013f6   0x00000002   PAD
    0x080013f8   0x0000011c   Code   RO         3597    i.HID_ChainedCommand  usb_hid.o
    0x08001514   0x000000dc   Code   RO         3598    i.HID_ChainedResponse  usb_hid.o
    0x080015f0   0x00000024   Code   RO         3599    i.HID_ConfigureTypeBPrime  usb_hid.o
    0x08001614   0x00000002   Code   RO         3600    i.HID_Data_In       usb_hid.o
    0x08001616   0x00000002   PAD
    0x08001618   0x000000d8   Code   RO         3601    i.HID_Data_Out      usb_hid.o
    0x080016f0   0x00000028   Code   RO         3602    i.HID_GetHardwareVersion  usb_hid.o
    0x08001718   0x0000001c   Code   RO         3603    i.HID_GetIRQOutState  usb_hid.o
    0x08001734   0x00000014   Code   RO         3604    i.HID_GetInterfaceBus  usb_hid.o
    0x08001748   0x00000024   Code   RO         3605    i.HID_GetMCUversion  usb_hid.o
    0x0800176c   0x00000100   Code   RO         3606    i.HID_GetTagDetectionRefValue  usb_hid.o
    0x0800186c   0x00000078   Code   RO         3607    i.HID_GotoTagDetectingState  usb_hid.o
    0x080018e4   0x00000022   Code   RO         3608    i.HID_IsWakeUp      usb_hid.o
    0x08001906   0x0000001a   Code   RO         3609    i.HID_IsWakeUpByTagDetecting  usb_hid.o
    0x08001920   0x00000018   Code   RO         3610    i.HID_IsWakeUpByTimeOut  usb_hid.o
    0x08001938   0x00000050   Code   RO         3611    i.HID_MultiTagResPart2  usb_hid.o
    0x08001988   0x00000014   Code   RO         3754    i.HID_Report        usb_prop.o
    0x0800199c   0x0000001c   Code   RO         3612    i.HID_Reset95HF     usb_hid.o
    0x080019b8   0x0000007c   Code   RO         3613    i.HID_Run15693Anticollision  usb_hid.o
    0x08001a34   0x00000078   Code   RO         3614    i.HID_RunInventoty16slots  usb_hid.o
    0x08001aac   0x0000006e   Code   RO         3615    i.HID_RunMultiTagHunting  usb_hid.o
    0x08001b1a   0x00000122   Code   RO         3616    i.HID_SendCustomCommand  usb_hid.o
    0x08001c3c   0x00000014   Code   RO         3617    i.HID_StartTagTraking  usb_hid.o
    0x08001c50   0x00000004   Code   RO          310    i.HardFault_Handler  stm32f10x_it.o
    0x08001c54   0x00000008   Code   RO          612    i.IRQOut_Config     drv_interrupt.o
    0x08001c5c   0x0000002c   Code   RO          613    i.IRQOut_GPIO_Config  drv_interrupt.o
    0x08001c88   0x000002b8   Code   RO          777    i.ISO14443A_AC      lib_iso14443apcd.o
    0x08001f40   0x000000d0   Code   RO          778    i.ISO14443A_ACLevel1  lib_iso14443apcd.o
    0x08002010   0x000000d8   Code   RO          779    i.ISO14443A_ACLevel2  lib_iso14443apcd.o
    0x080020e8   0x000000a0   Code   RO          780    i.ISO14443A_ACLevel3  lib_iso14443apcd.o
    0x08002188   0x000000c4   Code   RO          781    i.ISO14443A_Anticollision  lib_iso14443apcd.o
    0x0800224c   0x00000040   Code   RO          782    i.ISO14443A_CompleteStructure  lib_iso14443apcd.o
    0x0800228c   0x000000c8   Code   RO          783    i.ISO14443A_ConfigFDT  lib_iso14443apcd.o
    0x08002354   0x000000a4   Code   RO          784    i.ISO14443A_ConfigFDTforAnticollision  lib_iso14443apcd.o
    0x080023f8   0x000000b4   Code   RO          785    i.ISO14443A_ConfigFDTforRATS  lib_iso14443apcd.o
    0x080024ac   0x0000001c   Code   RO          786    i.ISO14443A_HLTA    lib_iso14443apcd.o
    0x080024c8   0x00000034   Code   RO          787    i.ISO14443A_Init    lib_iso14443apcd.o
    0x080024fc   0x00000020   Code   RO          788    i.ISO14443A_InitStructure  lib_iso14443apcd.o
    0x0800251c   0x00000044   Code   RO          789    i.ISO14443A_IsPresent  lib_iso14443apcd.o
    0x08002560   0x00000078   Code   RO          790    i.ISO14443A_MultiAnticollision  lib_iso14443apcd.o
    0x080025d8   0x000000e0   Code   RO          791    i.ISO14443A_MultiTagHunting  lib_iso14443apcd.o
    0x080026b8   0x0000002c   Code   RO          792    i.ISO14443A_MultiTagPart2  lib_iso14443apcd.o
    0x080026e4   0x00000098   Code   RO          793    i.ISO14443A_RATS    lib_iso14443apcd.o
    0x0800277c   0x0000003c   Code   RO          794    i.ISO14443A_REQA    lib_iso14443apcd.o
    0x080027b8   0x00000048   Code   RO          897    i.ISO14443BReadARConfigB  lib_iso14443bpcd.o
    0x08002800   0x0000005c   Code   RO          898    i.ISO14443B_Anticollision  lib_iso14443bpcd.o
    0x0800285c   0x00000058   Code   RO          899    i.ISO14443B_AttriB  lib_iso14443bpcd.o
    0x080028b4   0x0000002c   Code   RO          900    i.ISO14443B_CompleteStruture  lib_iso14443bpcd.o
    0x080028e0   0x00000080   Code   RO          901    i.ISO14443B_Init    lib_iso14443bpcd.o
    0x08002960   0x00000028   Code   RO          902    i.ISO14443B_InitStructure  lib_iso14443bpcd.o
    0x08002988   0x00000038   Code   RO          904    i.ISO14443B_IsPresent  lib_iso14443bpcd.o
    0x080029c0   0x00000040   Code   RO          905    i.ISO14443B_ReqB    lib_iso14443bpcd.o
    0x08002a00   0x00000038   Code   RO          906    i.ISO14443B_WriteARConfigB  lib_iso14443bpcd.o
    0x08002a38   0x00000048   Code   RO          907    i.ISO14443B_WriteAndCheckARConfigB  lib_iso14443bpcd.o
    0x08002a80   0x00000040   Code   RO          969    i.ISO15693_CRC16    lib_iso15693pcd.o
    0x08002ac0   0x00000052   Code   RO          970    i.ISO15693_CreateRequestFlag  lib_iso15693pcd.o
    0x08002b12   0x00000010   Code   RO          978    i.ISO15693_GetSelectOrAFIFlag  lib_iso15693pcd.o
    0x08002b22   0x00000002   PAD
    0x08002b24   0x00000094   Code   RO          981    i.ISO15693_GetUID   lib_iso15693pcd.o
    0x08002bb8   0x00000074   Code   RO          982    i.ISO15693_Init     lib_iso15693pcd.o
    0x08002c2c   0x0000012e   Code   RO          983    i.ISO15693_Inventory  lib_iso15693pcd.o
    0x08002d5a   0x000000b8   Code   RO          984    i.ISO15693_Inventory16Slots  lib_iso15693pcd.o
    0x08002e12   0x00000032   Code   RO          985    i.ISO15693_InventoryOneSlot  lib_iso15693pcd.o
    0x08002e44   0x00000026   Code   RO          986    i.ISO15693_IsATagInTheField  lib_iso15693pcd.o
    0x08002e6a   0x00000012   Code   RO          987    i.ISO15693_IsAddressOrNbSlotsFlag  lib_iso15693pcd.o
    0x08002e7c   0x0000001a   Code   RO          988    i.ISO15693_IsCollisionDetected  lib_iso15693pcd.o
    0x08002e96   0x0000002a   Code   RO          989    i.ISO15693_IsCorrectCRC16Residue  lib_iso15693pcd.o
    0x08002ec0   0x00000012   Code   RO          990    i.ISO15693_IsInventoryFlag  lib_iso15693pcd.o
    0x08002ed2   0x00000002   PAD
    0x08002ed4   0x00000200   Code   RO          996    i.ISO15693_RunAntiCollision  lib_iso15693pcd.o
    0x080030d4   0x000000c0   Code   RO          997    i.ISO15693_RunInventory16slots  lib_iso15693pcd.o
    0x08003194   0x0000001e   Code   RO          998    i.ISO15693_SendEOF  lib_iso15693pcd.o
    0x080031b2   0x0000005c   Code   RO          999    i.ISO15693_SplitInventoryResponse  lib_iso15693pcd.o
    0x0800320e   0x0000006a   Code   RO         1000    i.ISO15693_StayQuiet  lib_iso15693pcd.o
    0x08003278   0x00000070   Code   RO         2966    i.In0_Process       usb_core.o
    0x080032e8   0x000000ec   Code   RO          202    i.Interrupts_Config  hw_config.o
    0x080033d4   0x00000028   Code   RO         1211    i.IsAnAvailableProtocol  lib_pcd.o
    0x080033fc   0x00000040   Code   RO         2930    i.LED_Config        drv_led.o
    0x0800343c   0x00000018   Code   RO         2931    i.LED_Off           drv_led.o
    0x08003454   0x00000018   Code   RO         2932    i.LED_On            drv_led.o
    0x0800346c   0x00000004   Code   RO          311    i.MemManage_Handler  stm32f10x_it.o
    0x08003470   0x00000002   Code   RO          312    i.NMI_Handler       stm32f10x_it.o
    0x08003472   0x00000002   Code   RO         2967    i.NOP_Process       usb_core.o
    0x08003474   0x00000064   Code   RO         1382    i.NVIC_Init         misc.o
    0x080034d8   0x00000014   Code   RO         1383    i.NVIC_PriorityGroupConfig  misc.o
    0x080034ec   0x00000014   Code   RO         1384    i.NVIC_SetVectorTable  misc.o
    0x08003500   0x00000138   Code   RO         2968    i.NoData_Setup0     usb_core.o
    0x08003638   0x00000050   Code   RO         2969    i.Out0_Process      usb_core.o
    0x08003688   0x00000020   Code   RO         1214    i.PCD_CheckSendReceive  lib_pcd.o
    0x080036a8   0x0000001c   Code   RO         1216    i.PCD_Echo          lib_pcd.o
    0x080036c4   0x00000014   Code   RO         1217    i.PCD_FieldOff      lib_pcd.o
    0x080036d8   0x00000030   Code   RO         1219    i.PCD_Idle          lib_pcd.o
    0x08003708   0x0000006a   Code   RO         1220    i.PCD_IsCRCOk       lib_pcd.o
    0x08003772   0x000000fe   Code   RO         1221    i.PCD_IsReaderResultCodeOk  lib_pcd.o
    0x08003870   0x00000078   Code   RO         1222    i.PCD_PORsequence   lib_pcd.o
    0x080038e8   0x00000070   Code   RO         1223    i.PCD_ProtocolSelect  lib_pcd.o
    0x08003958   0x00000042   Code   RO         1224    i.PCD_ReadRegister  lib_pcd.o
    0x0800399a   0x00000002   PAD
    0x0800399c   0x0000001c   Code   RO         1225    i.PCD_SendEOF       lib_pcd.o
    0x080039b8   0x00000062   Code   RO         1226    i.PCD_SendRecv      lib_pcd.o
    0x08003a1a   0x0000003e   Code   RO         1229    i.PCD_WriteRegister  lib_pcd.o
    0x08003a58   0x00000028   Code   RO         3138    i.PMAToUserBufferCopy  usb_mem.o
    0x08003a80   0x00000002   Code   RO          313    i.PendSV_Handler    stm32f10x_it.o
    0x08003a82   0x00000002   PAD
    0x08003a84   0x00000048   Code   RO         2970    i.Post0_Process     usb_core.o
    0x08003acc   0x00000038   Code   RO         3856    i.PowerOn           usb_pwr.o
    0x08003b04   0x00000018   Code   RO         1873    i.RCC_AHBPeriphClockCmd  stm32f10x_rcc.o
    0x08003b1c   0x00000018   Code   RO         1874    i.RCC_APB1PeriphClockCmd  stm32f10x_rcc.o
    0x08003b34   0x00000018   Code   RO         1875    i.RCC_APB1PeriphResetCmd  stm32f10x_rcc.o
    0x08003b4c   0x00000018   Code   RO         1876    i.RCC_APB2PeriphClockCmd  stm32f10x_rcc.o
    0x08003b64   0x00000018   Code   RO         1877    i.RCC_APB2PeriphResetCmd  stm32f10x_rcc.o
    0x08003b7c   0x00000090   Code   RO         1884    i.RCC_GetClocksFreq  stm32f10x_rcc.o
    0x08003c0c   0x0000000c   Code   RO         1902    i.RCC_USBCLKConfig  stm32f10x_rcc.o
    0x08003c18   0x00000014   Code   RO         2077    i.SPI_Cmd           stm32f10x_spi.o
    0x08003c2c   0x00000054   Code   RO         2084    i.SPI_I2S_DeInit    stm32f10x_spi.o
    0x08003c80   0x0000000e   Code   RO         2085    i.SPI_I2S_GetFlagStatus  stm32f10x_spi.o
    0x08003c8e   0x00000004   Code   RO         2088    i.SPI_I2S_ReceiveData  stm32f10x_spi.o
    0x08003c92   0x00000004   Code   RO         2089    i.SPI_I2S_SendData  stm32f10x_spi.o
    0x08003c96   0x00000038   Code   RO         2090    i.SPI_Init          stm32f10x_spi.o
    0x08003cce   0x00000036   Code   RO          583    i.SPI_SendReceiveBuffer  drv_spi.o
    0x08003d04   0x00000034   Code   RO          584    i.SPI_SendReceiveByte  drv_spi.o
    0x08003d38   0x00000018   Code   RO         2093    i.SPI_StructInit    stm32f10x_spi.o
    0x08003d50   0x00000002   Code   RO          314    i.SVC_Handler       stm32f10x_it.o
    0x08003d52   0x00000002   PAD
    0x08003d54   0x0000002c   Code   RO          615    i.SendSPINSSPulse   drv_interrupt.o
    0x08003d80   0x00000010   Code   RO         3186    i.SetBTABLE         usb_regs.o
    0x08003d90   0x00000050   Code   RO         2971    i.SetDeviceAddress  usb_core.o
    0x08003de0   0x00000024   Code   RO         3200    i.SetEPRxAddr       usb_regs.o
    0x08003e04   0x0000004c   Code   RO         3201    i.SetEPRxCount      usb_regs.o
    0x08003e50   0x00000040   Code   RO         3202    i.SetEPRxStatus     usb_regs.o
    0x08003e90   0x00000034   Code   RO         3203    i.SetEPRxValid      usb_regs.o
    0x08003ec4   0x00000020   Code   RO         3204    i.SetEPTxAddr       usb_regs.o
    0x08003ee4   0x0000001c   Code   RO         3205    i.SetEPTxCount      usb_regs.o
    0x08003f00   0x00000040   Code   RO         3206    i.SetEPTxStatus     usb_regs.o
    0x08003f40   0x00000024   Code   RO         3208    i.SetEPType         usb_regs.o
    0x08003f64   0x00000008   Code   RO         3936    i.SetSysClock       system_stm32f10x.o
    0x08003f6c   0x000000e0   Code   RO         3937    i.SetSysClockTo72   system_stm32f10x.o
    0x0800404c   0x00000010   Code   RO          204    i.Set_System        hw_config.o
    0x0800405c   0x00000012   Code   RO          205    i.Set_USBClock      hw_config.o
    0x0800406e   0x00000002   PAD
    0x08004070   0x000000b8   Code   RO         2972    i.Setup0_Process    usb_core.o
    0x08004128   0x0000016c   Code   RO         2973    i.Standard_ClearFeature  usb_core.o
    0x08004294   0x0000002c   Code   RO         2974    i.Standard_GetConfiguration  usb_core.o
    0x080042c0   0x00000024   Code   RO         2975    i.Standard_GetDescriptorData  usb_core.o
    0x080042e4   0x0000002c   Code   RO         2976    i.Standard_GetInterface  usb_core.o
    0x08004310   0x00000100   Code   RO         2977    i.Standard_GetStatus  usb_core.o
    0x08004410   0x00000048   Code   RO         2978    i.Standard_SetConfiguration  usb_core.o
    0x08004458   0x00000028   Code   RO         2979    i.Standard_SetDeviceFeature  usb_core.o
    0x08004480   0x000000d0   Code   RO         2980    i.Standard_SetEndPointFeature  usb_core.o
    0x08004550   0x0000006c   Code   RO         2981    i.Standard_SetInterface  usb_core.o
    0x080045bc   0x0000002c   Code   RO          617    i.StartTimeOut      drv_interrupt.o
    0x080045e8   0x00000010   Code   RO          619    i.StopTimeOut       drv_interrupt.o
    0x080045f8   0x00000010   Code   RO          315    i.SysTick_Handler   stm32f10x_it.o
    0x08004608   0x00000060   Code   RO         3939    i.SystemInit        system_stm32f10x.o
    0x08004668   0x00000010   Code   RO          316    i.TIM2_IRQHandler   stm32f10x_it.o
    0x08004678   0x0000003c   Code   RO          620    i.TIM3_IRQHandler   drv_interrupt.o
    0x080046b4   0x0000003c   Code   RO          621    i.TIM4_IRQHandler   drv_interrupt.o
    0x080046f0   0x00000006   Code   RO         2225    i.TIM_ClearITPendingBit  stm32f10x_tim.o
    0x080046f6   0x00000014   Code   RO         2230    i.TIM_Cmd           stm32f10x_tim.o
    0x0800470a   0x00000010   Code   RO         2255    i.TIM_ITConfig      stm32f10x_tim.o
    0x0800471a   0x00000004   Code   RO         2295    i.TIM_SetCounter    stm32f10x_tim.o
    0x0800471e   0x00000002   PAD
    0x08004720   0x0000009c   Code   RO         2301    i.TIM_TimeBaseInit  stm32f10x_tim.o
    0x080047bc   0x00000014   Code   RO         2304    i.TIM_UpdateRequestConfig  stm32f10x_tim.o
    0x080047d0   0x00000060   Code   RO          795    i.TOPAZ_ID          lib_iso14443apcd.o
    0x08004830   0x0000004c   Code   RO          206    i.TimerDelay_ms_Config  hw_config.o
    0x0800487c   0x0000004a   Code   RO          207    i.TimerDelay_us_Config  hw_config.o
    0x080048c6   0x0000000c   Code   RO          208    i.Timer_Config      hw_config.o
    0x080048d2   0x0000000c   Code   RO          209    i.Timer_RCC_Config  hw_config.o
    0x080048de   0x0000004a   Code   RO          210    i.Timer_Structure_Config  hw_config.o
    0x08004928   0x00000032   Code   RO          711    i.UART_ReceiveBuffer  drv_uart.o
    0x0800495a   0x00000002   PAD
    0x0800495c   0x00000034   Code   RO          712    i.UART_ReceiveByte  drv_uart.o
    0x08004990   0x00000022   Code   RO          713    i.UART_SendBuffer   drv_uart.o
    0x080049b2   0x0000001e   Code   RO          714    i.UART_SendByte     drv_uart.o
    0x080049d0   0x00000014   Code   RO         2753    i.USART_Cmd         stm32f10x_usart.o
    0x080049e4   0x00000074   Code   RO         2755    i.USART_DeInit      stm32f10x_usart.o
    0x08004a58   0x0000000e   Code   RO         2756    i.USART_GetFlagStatus  stm32f10x_usart.o
    0x08004a66   0x00000002   PAD
    0x08004a68   0x000000ac   Code   RO         2760    i.USART_Init        stm32f10x_usart.o
    0x08004b14   0x00000008   Code   RO         2767    i.USART_ReceiveData  stm32f10x_usart.o
    0x08004b1c   0x00000008   Code   RO         2770    i.USART_SendData    stm32f10x_usart.o
    0x08004b24   0x00000020   Code   RO          211    i.USB_Cable_Config  hw_config.o
    0x08004b44   0x0000002c   Code   RO          212    i.USB_Disconnect_Config  hw_config.o
    0x08004b70   0x00000008   Code   RO          317    i.USB_HP_CAN1_TX_IRQHandler  stm32f10x_it.o
    0x08004b78   0x0000003c   Code   RO         3085    i.USB_Init          usb_init.o
    0x08004bb4   0x00000050   Code   RO         3723    i.USB_Istr          usb_istr.o
    0x08004c04   0x00000008   Code   RO          318    i.USB_LP_CAN1_RX0_IRQHandler  stm32f10x_it.o
    0x08004c0c   0x00000024   Code   RO         3516    i.USB_SIL_Init      usb_sil.o
    0x08004c30   0x0000002e   Code   RO         3517    i.USB_SIL_Read      usb_sil.o
    0x08004c5e   0x0000002e   Code   RO         3518    i.USB_SIL_Write     usb_sil.o
    0x08004c8c   0x00000004   Code   RO          319    i.UsageFault_Handler  stm32f10x_it.o
    0x08004c90   0x00000038   Code   RO         3139    i.UserToPMABufferCopy  usb_mem.o
    0x08004cc8   0x00000018   Code   RO          213    i.decrement_delay   hw_config.o
    0x08004ce0   0x00000078   Code   RO          214    i.delayHighPriority_ms  hw_config.o
    0x08004d58   0x0000003c   Code   RO          215    i.delay_ms          hw_config.o
    0x08004d94   0x00000038   Code   RO          216    i.delay_us          hw_config.o
    0x08004dcc   0x00000014   Code   RO          421    i.drv95HF_EnableInterrupt  drv_95hf.o
    0x08004de0   0x00000060   Code   RO          422    i.drv95HF_GPIOConfigSPI  drv_95hf.o
    0x08004e40   0x00000038   Code   RO          423    i.drv95HF_GPIOConfigUART  drv_95hf.o
    0x08004e78   0x00000014   Code   RO          425    i.drv95HF_GetInterfacePinState  drv_95hf.o
    0x08004e8c   0x0000000c   Code   RO          426    i.drv95HF_GetSerialInterface  drv_95hf.o
    0x08004e98   0x0000001c   Code   RO          428    i.drv95HF_InitConfigStructure  drv_95hf.o
    0x08004eb4   0x0000001c   Code   RO          429    i.drv95HF_InitializeSPI  drv_95hf.o
    0x08004ed0   0x00000020   Code   RO          430    i.drv95HF_InitializeUART  drv_95hf.o
    0x08004ef0   0x0000002c   Code   RO          431    i.drv95HF_InitilizeSerialInterface  drv_95hf.o
    0x08004f1c   0x00000040   Code   RO          432    i.drv95HF_PoolingReading  drv_95hf.o
    0x08004f5c   0x00000014   Code   RO          433    i.drv95HF_RCCConfigSPI  drv_95hf.o
    0x08004f70   0x00000014   Code   RO          434    i.drv95HF_RCCConfigUART  drv_95hf.o
    0x08004f84   0x000000ac   Code   RO          435    i.drv95HF_ReceiveSPIResponse  drv_95hf.o
    0x08005030   0x00000034   Code   RO          436    i.drv95HF_ReceiveUARTResponse  drv_95hf.o
    0x08005064   0x00000044   Code   RO          437    i.drv95HF_ResetSPI  drv_95hf.o
    0x080050a8   0x000000ac   Code   RO          438    i.drv95HF_SPIPollingCommand  drv_95hf.o
    0x08005154   0x00000058   Code   RO          440    i.drv95HF_SendIRQINPulse  drv_95hf.o
    0x080051ac   0x00000064   Code   RO          441    i.drv95HF_SendReceive  drv_95hf.o
    0x08005210   0x0000006c   Code   RO          442    i.drv95HF_SendSPICommand  drv_95hf.o
    0x0800527c   0x00000010   Code   RO          443    i.drv95HF_SendSPIResetByte  drv_95hf.o
    0x0800528c   0x00000048   Code   RO          444    i.drv95HF_SendUARTCommand  drv_95hf.o
    0x080052d4   0x00000044   Code   RO          445    i.drv95HF_StructureConfigSPI  drv_95hf.o
    0x08005318   0x00000034   Code   RO          446    i.drv95HF_StructureConfigUART  drv_95hf.o
    0x0800534c   0x00000054   Code   RO          622    i.drvInt_AppliTimeoutTimerConfig  drv_interrupt.o
    0x080053a0   0x00000034   Code   RO          624    i.drvInt_Enable_RFEvent_IRQ  drv_interrupt.o
    0x080053d4   0x00000034   Code   RO          625    i.drvInt_Enable_Reply_IRQ  drv_interrupt.o
    0x08005408   0x0000004c   Code   RO          626    i.drvInt_TimeoutTimerConfig  drv_interrupt.o
    0x08005454   0x00000108   Code   RO            2    i.main              main.o
    0x0800555c   0x0000000a   Data   RO          797    .constdata          lib_iso14443apcd.o
    0x08005566   0x00000002   PAD
    0x08005568   0x0000000d   Data   RO          909    .constdata          lib_iso14443bpcd.o
    0x08005575   0x00000007   Data   RO         1173    .constdata          lib_iso18092pcd.o
    0x0800557c   0x00000006   Data   RO         2933    .constdata          drv_led.o
    0x08005582   0x0000019a   Data   RO         3540    .constdata          usb_desc.o
    0x0800571c   0x0000018a   Data   RO         3618    .constdata          usb_hid.o
    0x080058a6   0x00000002   PAD
    0x080058a8   0x00000020   Data   RO         4156    Region$$Table       anon$$obj.o


    Execution Region RW_IRAM1 (Base: 0x20000000, Size: 0x00001450, Max: 0x00005000, ABSOLUTE, COMPRESSED[0x000000c4])

    Base Addr    Size         Type   Attr      Idx    E Section Name        Object

    0x20000000   0x00000009   Data   RW            3    .data               main.o
    0x20000009   0x00000001   PAD
    0x2000000a   0x00000002   Data   RW          217    .data               hw_config.o
    0x2000000c   0x0000000c   Data   RW          320    .data               stm32f10x_it.o
    0x20000018   0x00000007   Data   RW          448    .data               drv_95hf.o
    0x2000001f   0x00000001   PAD
    0x20000020   0x00000004   Data   RW          627    .data               drv_interrupt.o
    0x20000024   0x00000006   Data   RW          798    .data               lib_iso14443apcd.o
    0x2000002a   0x00000001   Data   RW         1230    .data               lib_pcd.o
    0x2000002b   0x00000006   Data   RW         1341    .data               lib_configmanager.o
    0x20000031   0x00000014   Data   RW         1904    .data               stm32f10x_rcc.o
    0x20000045   0x00000003   PAD
    0x20000048   0x00000004   Data   RW         2934    .data               drv_led.o
    0x2000004c   0x00000003   Data   RW         2982    .data               usb_core.o
    0x2000004f   0x00000001   PAD
    0x20000050   0x00000014   Data   RW         3087    .data               usb_init.o
    0x20000064   0x00000004   Data   RW         3110    .data               usb_int.o
    0x20000068   0x00000034   Data   RW         3541    .data               usb_desc.o
    0x2000009c   0x00000006   Data   RW         3619    .data               usb_hid.o
    0x200000a2   0x00000002   PAD
    0x200000a4   0x0000003c   Data   RW         3724    .data               usb_istr.o
    0x200000e0   0x00000090   Data   RW         3755    .data               usb_prop.o
    0x20000170   0x00000007   Data   RW         3860    .data               usb_pwr.o
    0x20000177   0x00000001   PAD
    0x20000178   0x00000014   Data   RW         3940    .data               system_stm32f10x.o
    0x2000018c   0x00000211   Zero   RW          447    .bss                drv_95hf.o
    0x2000039d   0x000003a6   Zero   RW          796    .bss                lib_iso14443apcd.o
    0x20000743   0x00000056   Zero   RW          908    .bss                lib_iso14443bpcd.o
    0x20000799   0x00000029   Zero   RW         1172    .bss                lib_iso18092pcd.o
    0x200007c2   0x00000010   Zero   RW         1340    .bss                lib_configmanager.o
    0x200007d2   0x00000002   PAD
    0x200007d4   0x0000001c   Zero   RW         3086    .bss                usb_init.o
    0x200007f0   0x00000060   Zero   RW         4030    .bss                c_w.l(libspace.o)
    0x20000850   0x00000400   Zero   RW         3919    HEAP                startup_stm32f10x_xl.o
    0x20000c50   0x00000800   Zero   RW         3918    STACK               startup_stm32f10x_xl.o


==============================================================================

Image component sizes


      Code (inc. data)   RO Data    RW Data    ZI Data      Debug   Object Name

      1408        150          0          7        529      15053   drv_95hf.o
       540         80          0          4          0       6862   drv_interrupt.o
       112         28          6          4          0       2814   drv_led.o
       106          0          0          0          0       1898   drv_spi.o
       166          6          0          0          0       3229   drv_uart.o
       854         32          0          2          0       8173   hw_config.o
       496         56          0          6         16       5709   lib_configmanager.o
      3030        228         10          6        934      17618   lib_iso14443apcd.o
       712         88         13          0         86       8177   lib_iso14443bpcd.o
      2036         26          0          0          0      16823   lib_iso15693pcd.o
       302         36          7          0         41       3717   lib_iso18092pcd.o
      1014         50          0          1          0      10842   lib_pcd.o
       264         20          0          9          0     297582   main.o
       140         24          0          0          0       2501   misc.o
        64         26        304          0       3072        860   startup_stm32f10x_xl.o
       156         14          0          0          0       2648   stm32f10x_exti.o
       200          0          0          0          0       5493   stm32f10x_gpio.o
       136         20          0         12          0       7463   stm32f10x_it.o
       276         50          0         20          0       7751   stm32f10x_rcc.o
       206         12          0          0          0       5920   stm32f10x_spi.o
       222         42          0          0          0       5682   stm32f10x_tim.o
       338         26          0          0          0       6099   stm32f10x_usart.o
       328         28          0         20          0       2905   system_stm32f10x.o
      3058        288          0          3          0      16319   usb_core.o
         0          0        410         52          0       1713   usb_desc.o
        22          0          0          0          0       2708   usb_endp.o
      2208        136        394          6          0      17661   usb_hid.o
        60         24          0         20         28       4502   usb_init.o
       848         58          0          4          0       2625   usb_int.o
        80         18          0         60          0       1696   usb_istr.o
        96         10          0          0          0       2052   usb_mem.o
       468         76          0        144          0      12945   usb_prop.o
        56         10          0          7          0       2393   usb_pwr.o
       660         96          0          0          0      10728   usb_regs.o
       128          8          0          0          0       2518   usb_sil.o

    ----------------------------------------------------------------------
     20822       1766       1180        396       4708     523679   Object Totals
         0          0         32          0          0          0   (incl. Generated)
        32          0          4          9          2          0   (incl. Padding)

    ----------------------------------------------------------------------

      Code (inc. data)   RO Data    RW Data    ZI Data      Debug   Library Member Name

        90          0          0          0          0          0   __dczerorl2.o
         8          0          0          0          0         68   __main.o
         0          0          0          0          0          0   __rtentry.o
        12          0          0          0          0          0   __rtentry2.o
         6          0          0          0          0          0   __rtentry4.o
        52          8          0          0          0          0   __scatter.o
        28          0          0          0          0          0   __scatter_zi.o
        18          0          0          0          0         80   exit.o
         6          0          0          0          0        152   heapauxi.o
         0          0          0          0          0          0   indicate_semi.o
         2          0          0          0          0          0   libinit.o
         2          0          0          0          0          0   libinit2.o
         2          0          0          0          0          0   libshutdown.o
         2          0          0          0          0          0   libshutdown2.o
         8          4          0          0         96         68   libspace.o
        68          0          0          0          0         68   rt_memclr.o
        78          0          0          0          0         80   rt_memclr_w.o
       138          0          0          0          0         68   rt_memcpy_v6.o
       100          0          0          0          0         80   rt_memcpy_w.o
         2          0          0          0          0          0   rtexit.o
        10          0          0          0          0          0   rtexit2.o
        12          4          0          0          0         68   sys_exit.o
        74          0          0          0          0         80   sys_stackheap_outer.o
         2          0          0          0          0         68   use_no_semi.o

    ----------------------------------------------------------------------
       726         16          0          0         96        880   Library Totals
         6          0          0          0          0          0   (incl. Padding)

    ----------------------------------------------------------------------

      Code (inc. data)   RO Data    RW Data    ZI Data      Debug   Library Name

       720         16          0          0         96        880   c_w.l

    ----------------------------------------------------------------------
       726         16          0          0         96        880   Library Totals

    ----------------------------------------------------------------------

==============================================================================


      Code (inc. data)   RO Data    RW Data    ZI Data      Debug   

     21548       1782       1180        396       4804     510567   Grand Totals
     21548       1782       1180        196       4804     510567   ELF Image Totals (compressed)
     21548       1782       1180        196          0          0   ROM Totals

==============================================================================

    Total RO  Size (Code + RO Data)                22728 (  22.20kB)
    Total RW  Size (RW Data + ZI Data)              5200 (   5.08kB)
    Total ROM Size (Code + RO Data + RW Data)      22924 (  22.39kB)

==============================================================================

