<html>
<body>
<pre>
<h1>µVision Build Log</h1>
<h2>Tool Versions:</h2>
IDE-Version: µVision V5.23.0.0
Copyright (C) 2017 ARM Ltd and ARM Germany GmbH. All rights reserved.
License Information: Lol Lol, Lol, LIC=----
 
Tool Versions:
Toolchain:       MDK-Lite  Version: 5.23
Toolchain Path:  C:\Keil_v5\ARM\ARMCC\Bin
C Compiler:      Armcc.exe V5.06 update 4 (build 422)
Assembler:       Armasm.exe V5.06 update 4 (build 422)
Linker/Locator:  ArmLink.exe V5.06 update 4 (build 422)
Library Manager: ArmAr.exe V5.06 update 4 (build 422)
Hex Converter:   FromElf.exe V5.06 update 4 (build 422)
CPU DLL:         SARMCM3.DLL V5.23
Dialog DLL:      DARMSTM.DLL V1.68.0.0
Target DLL:      STLink\ST-LINKIII-KEIL_SWO.dll V2.0.18.0
Dialog DLL:      TARMSTM.DLL V1.66.0.0
 
<h2>Project:</h2>
Z:\CR95HF_Firmware\DEMOBOARD-CR95HF_FW_V3.7.1\Project\95HF_Example\CR95HF\CR95HF_DEMOBOARD_MB1054A\MDK-ARM\DEMO_BOARD_CR95HF.uvprojx
Project File Date:  11/22/2017

<h2>Output:</h2>
*** Using Compiler 'V5.06 update 4 (build 422)', folder: 'C:\Keil_v5\ARM\ARMCC\Bin'
Build target 'DEMO_BOARD_CR95HF'
compiling main.c...
compiling hw_config.c...
compiling stm32f10x_it.c...
compiling common.c...
compiling drv_95HF.c...
compiling drv_spi.c...
compiling drv_interrupt.c...
compiling drv_uart.c...
compiling lib_iso7816pcd.c...
compiling lib_iso14443Apcd.c...
compiling lib_iso14443Bpcd.c...
compiling lib_iso15693pcd.c...
compiling lib_iso18092pcd.c...
compiling lib_PCD.c...
compiling lib_ConfigManager.c...
compiling misc.c...
compiling stm32f10x_crc.c...
compiling stm32f10x_dma.c...
compiling stm32f10x_exti.c...
compiling stm32f10x_flash.c...
compiling stm32f10x_gpio.c...
compiling stm32f10x_rcc.c...
compiling stm32f10x_spi.c...
compiling stm32f10x_tim.c...
compiling stm32f10x_usart.c...
compiling drv_LED.c...
compiling usb_core.c...
compiling usb_init.c...
compiling usb_int.c...
compiling usb_mem.c...
compiling usb_regs.c...
compiling usb_sil.c...
compiling usb_desc.c...
compiling usb_endp.c...
compiling usb_hid.c...
compiling usb_istr.c...
compiling usb_prop.c...
compiling usb_pwr.c...
compiling mass_mal.c...
compiling memory.c...
compiling msd_rw.c...
compiling nand_if.c...
compiling scsi_data.c...
compiling usb_bot.c...
compiling usb_scsi.c...
assembling startup_stm32f10x_xl.s...
compiling core_cm3.c...
compiling system_stm32f10x.c...
linking...
Program Size: Code=21548 RO-data=1180 RW-data=396 ZI-data=4804  
FromELF: creating hex file...
After Build - User command #1: C:\Keil_v5\ARM\ARMCC\bin\fromelf.exe --bin --output=../Binary/DEMO_BOARD_CR95HF.bin .\Obj\DEMO_BOARD_CR95HF.axf
".\Obj\DEMO_BOARD_CR95HF.axf" - 0 Error(s), 0 Warning(s).

<h2>Collection of Component include folders:</h2>
  .\RTE\_DEMO_BOARD_CR95HF
  C:\Keil_v5\ARM\PACK\Keil\STM32F1xx_DFP\2.1.0\Device\Include

<h2>Collection of Component Files used:</h2>
Build Time Elapsed:  00:00:20
</pre>
</body>
</html>
